Archive member included to satisfy reference by file (symbol)

C:/NXP/S32DS.3.5/S32DS/build_tools/gcc_b1620/gcc-6.3-arm32-eabi/arm-none-eabi/newlib/lib/thumb/v7e-m/fpv4-sp/hard\libc_nano.a(lib_a-exit.o)
                              C:/NXP/S32DS.3.5/S32DS/build_tools/gcc_b1620/gcc-6.3-arm32-eabi/arm-none-eabi/newlib/lib/thumb/v7e-m/fpv4-sp/hard/crt0.o (exit)
C:/NXP/S32DS.3.5/S32DS/build_tools/gcc_b1620/gcc-6.3-arm32-eabi/arm-none-eabi/newlib/lib/thumb/v7e-m/fpv4-sp/hard\libc_nano.a(lib_a-impure.o)
                              C:/NXP/S32DS.3.5/S32DS/build_tools/gcc_b1620/gcc-6.3-arm32-eabi/arm-none-eabi/newlib/lib/thumb/v7e-m/fpv4-sp/hard\libc_nano.a(lib_a-exit.o) (_global_impure_ptr)
C:/NXP/S32DS.3.5/S32DS/build_tools/gcc_b1620/gcc-6.3-arm32-eabi/arm-none-eabi/newlib/lib/thumb/v7e-m/fpv4-sp/hard\libc_nano.a(lib_a-init.o)
                              C:/NXP/S32DS.3.5/S32DS/build_tools/gcc_b1620/gcc-6.3-arm32-eabi/arm-none-eabi/newlib/lib/thumb/v7e-m/fpv4-sp/hard/crt0.o (__libc_init_array)
C:/NXP/S32DS.3.5/S32DS/build_tools/gcc_b1620/gcc-6.3-arm32-eabi/arm-none-eabi/newlib/lib/thumb/v7e-m/fpv4-sp/hard\libc_nano.a(lib_a-memset.o)
                              C:/NXP/S32DS.3.5/S32DS/build_tools/gcc_b1620/gcc-6.3-arm32-eabi/arm-none-eabi/newlib/lib/thumb/v7e-m/fpv4-sp/hard/crt0.o (memset)
C:/NXP/S32DS.3.5/S32DS/build_tools/gcc_b1620/gcc-6.3-arm32-eabi/arm-none-eabi/newlib/lib/thumb/v7e-m/fpv4-sp/hard\libnosys.a(_exit.o)
                              C:/NXP/S32DS.3.5/S32DS/build_tools/gcc_b1620/gcc-6.3-arm32-eabi/arm-none-eabi/newlib/lib/thumb/v7e-m/fpv4-sp/hard\libc_nano.a(lib_a-exit.o) (_exit)

Discarded input sections

 .text          0x00000000        0x0 c:/nxp/s32ds.3.5/s32ds/build_tools/gcc_b1620/gcc-6.3-arm32-eabi/bin/../lib/gcc/arm-none-eabi/6.3.1/thumb/v7e-m/fpv4-sp/hard/crti.o
 .data          0x00000000        0x0 c:/nxp/s32ds.3.5/s32ds/build_tools/gcc_b1620/gcc-6.3-arm32-eabi/bin/../lib/gcc/arm-none-eabi/6.3.1/thumb/v7e-m/fpv4-sp/hard/crti.o
 .bss           0x00000000        0x0 c:/nxp/s32ds.3.5/s32ds/build_tools/gcc_b1620/gcc-6.3-arm32-eabi/bin/../lib/gcc/arm-none-eabi/6.3.1/thumb/v7e-m/fpv4-sp/hard/crti.o
 .text          0x00000000       0xa4 c:/nxp/s32ds.3.5/s32ds/build_tools/gcc_b1620/gcc-6.3-arm32-eabi/bin/../lib/gcc/arm-none-eabi/6.3.1/thumb/v7e-m/fpv4-sp/hard/crtbegin.o
 .data          0x00000000        0x4 c:/nxp/s32ds.3.5/s32ds/build_tools/gcc_b1620/gcc-6.3-arm32-eabi/bin/../lib/gcc/arm-none-eabi/6.3.1/thumb/v7e-m/fpv4-sp/hard/crtbegin.o
 .bss           0x00000000       0x1c c:/nxp/s32ds.3.5/s32ds/build_tools/gcc_b1620/gcc-6.3-arm32-eabi/bin/../lib/gcc/arm-none-eabi/6.3.1/thumb/v7e-m/fpv4-sp/hard/crtbegin.o
 .init_array    0x00000000        0x4 c:/nxp/s32ds.3.5/s32ds/build_tools/gcc_b1620/gcc-6.3-arm32-eabi/bin/../lib/gcc/arm-none-eabi/6.3.1/thumb/v7e-m/fpv4-sp/hard/crtbegin.o
 .fini_array    0x00000000        0x4 c:/nxp/s32ds.3.5/s32ds/build_tools/gcc_b1620/gcc-6.3-arm32-eabi/bin/../lib/gcc/arm-none-eabi/6.3.1/thumb/v7e-m/fpv4-sp/hard/crtbegin.o
 .eh_frame      0x00000000        0x0 c:/nxp/s32ds.3.5/s32ds/build_tools/gcc_b1620/gcc-6.3-arm32-eabi/bin/../lib/gcc/arm-none-eabi/6.3.1/thumb/v7e-m/fpv4-sp/hard/crtbegin.o
 .jcr           0x00000000        0x0 c:/nxp/s32ds.3.5/s32ds/build_tools/gcc_b1620/gcc-6.3-arm32-eabi/bin/../lib/gcc/arm-none-eabi/6.3.1/thumb/v7e-m/fpv4-sp/hard/crtbegin.o
 .tm_clone_table
                0x00000000        0x0 c:/nxp/s32ds.3.5/s32ds/build_tools/gcc_b1620/gcc-6.3-arm32-eabi/bin/../lib/gcc/arm-none-eabi/6.3.1/thumb/v7e-m/fpv4-sp/hard/crtbegin.o
 .comment       0x00000000       0x7f c:/nxp/s32ds.3.5/s32ds/build_tools/gcc_b1620/gcc-6.3-arm32-eabi/bin/../lib/gcc/arm-none-eabi/6.3.1/thumb/v7e-m/fpv4-sp/hard/crtbegin.o
 .ARM.attributes
                0x00000000       0x34 c:/nxp/s32ds.3.5/s32ds/build_tools/gcc_b1620/gcc-6.3-arm32-eabi/bin/../lib/gcc/arm-none-eabi/6.3.1/thumb/v7e-m/fpv4-sp/hard/crtbegin.o
 .text          0x00000000       0x7c C:/NXP/S32DS.3.5/S32DS/build_tools/gcc_b1620/gcc-6.3-arm32-eabi/arm-none-eabi/newlib/lib/thumb/v7e-m/fpv4-sp/hard/crt0.o
 .data          0x00000000        0x0 C:/NXP/S32DS.3.5/S32DS/build_tools/gcc_b1620/gcc-6.3-arm32-eabi/arm-none-eabi/newlib/lib/thumb/v7e-m/fpv4-sp/hard/crt0.o
 .bss           0x00000000        0x0 C:/NXP/S32DS.3.5/S32DS/build_tools/gcc_b1620/gcc-6.3-arm32-eabi/arm-none-eabi/newlib/lib/thumb/v7e-m/fpv4-sp/hard/crt0.o
 .ARM.extab     0x00000000        0x0 C:/NXP/S32DS.3.5/S32DS/build_tools/gcc_b1620/gcc-6.3-arm32-eabi/arm-none-eabi/newlib/lib/thumb/v7e-m/fpv4-sp/hard/crt0.o
 .ARM.exidx     0x00000000       0x10 C:/NXP/S32DS.3.5/S32DS/build_tools/gcc_b1620/gcc-6.3-arm32-eabi/arm-none-eabi/newlib/lib/thumb/v7e-m/fpv4-sp/hard/crt0.o
 .ARM.attributes
                0x00000000       0x20 C:/NXP/S32DS.3.5/S32DS/build_tools/gcc_b1620/gcc-6.3-arm32-eabi/arm-none-eabi/newlib/lib/thumb/v7e-m/fpv4-sp/hard/crt0.o
 .data          0x00000000        0x0 ./Project_Settings/Startup_Code/startup_S32K144.o
 .bss           0x00000000        0x0 ./Project_Settings/Startup_Code/startup_S32K144.o
 .text          0x00000000        0x0 ./SDK/platform/devices/S32K144/startup/system_S32K144.o
 .data          0x00000000        0x0 ./SDK/platform/devices/S32K144/startup/system_S32K144.o
 .bss           0x00000000        0x0 ./SDK/platform/devices/S32K144/startup/system_S32K144.o
 .text.SystemCoreClockUpdate
                0x00000000       0x88 ./SDK/platform/devices/S32K144/startup/system_S32K144.o
 .text.SystemSoftwareReset
                0x00000000       0x18 ./SDK/platform/devices/S32K144/startup/system_S32K144.o
 .data.SystemCoreClock
                0x00000000        0x4 ./SDK/platform/devices/S32K144/startup/system_S32K144.o
 .text          0x00000000        0x0 ./SDK/platform/devices/startup.o
 .data          0x00000000        0x0 ./SDK/platform/devices/startup.o
 .bss           0x00000000        0x0 ./SDK/platform/devices/startup.o
 .text          0x00000000        0x0 ./SDK/platform/drivers/src/adc/adc_driver.o
 .data          0x00000000        0x0 ./SDK/platform/drivers/src/adc/adc_driver.o
 .bss           0x00000000        0x0 ./SDK/platform/drivers/src/adc/adc_driver.o
 .text.ADC_DRV_GetConverterConfig
                0x00000000       0xec ./SDK/platform/drivers/src/adc/adc_driver.o
 .text.ADC_DRV_InitHwCompareStruct
                0x00000000        0xe ./SDK/platform/drivers/src/adc/adc_driver.o
 .text.ADC_DRV_ConfigHwCompare
                0x00000000       0x60 ./SDK/platform/drivers/src/adc/adc_driver.o
 .text.ADC_DRV_GetHwCompareConfig
                0x00000000       0x38 ./SDK/platform/drivers/src/adc/adc_driver.o
 .text.ADC_DRV_InitHwAverageStruct
                0x00000000        0x8 ./SDK/platform/drivers/src/adc/adc_driver.o
 .text.ADC_DRV_ConfigHwAverage
                0x00000000       0x38 ./SDK/platform/drivers/src/adc/adc_driver.o
 .text.ADC_DRV_GetHwAverageConfig
                0x00000000       0x20 ./SDK/platform/drivers/src/adc/adc_driver.o
 .text.ADC_DRV_InitChanStruct
                0x00000000        0xa ./SDK/platform/drivers/src/adc/adc_driver.o
 .text.ADC_DRV_GetChanConfig
                0x00000000       0x40 ./SDK/platform/drivers/src/adc/adc_driver.o
 .text.ADC_DRV_WaitConvDone
                0x00000000       0x18 ./SDK/platform/drivers/src/adc/adc_driver.o
 .text.ADC_DRV_GetConvCompleteFlag
                0x00000000       0x14 ./SDK/platform/drivers/src/adc/adc_driver.o
 .text.ADC_DRV_InitUserCalibrationStruct
                0x00000000        0xa ./SDK/platform/drivers/src/adc/adc_driver.o
 .text.ADC_DRV_ConfigUserCalibration
                0x00000000       0x4c ./SDK/platform/drivers/src/adc/adc_driver.o
 .text.ADC_DRV_GetUserCalibration
                0x00000000       0x20 ./SDK/platform/drivers/src/adc/adc_driver.o
 .text.ADC_DRV_ClearLatchedTriggers
                0x00000000       0x24 ./SDK/platform/drivers/src/adc/adc_driver.o
 .text.ADC_DRV_ClearTriggerErrors
                0x00000000       0x18 ./SDK/platform/drivers/src/adc/adc_driver.o
 .text.ADC_DRV_GetTriggerErrorFlags
                0x00000000       0x14 ./SDK/platform/drivers/src/adc/adc_driver.o
 .text          0x00000000        0x0 ./SDK/platform/drivers/src/clock/S32K1xx/clock_S32K1xx.o
 .data          0x00000000        0x0 ./SDK/platform/drivers/src/clock/S32K1xx/clock_S32K1xx.o
 .bss           0x00000000        0x0 ./SDK/platform/drivers/src/clock/S32K1xx/clock_S32K1xx.o
 .text.CLOCK_SYS_TransitionToTmpSysClk
                0x00000000       0xee ./SDK/platform/drivers/src/clock/S32K1xx/clock_S32K1xx.o
 .text.CLOCK_SYS_GetCurrentSysClkConfig
                0x00000000       0x5c ./SDK/platform/drivers/src/clock/S32K1xx/clock_S32K1xx.o
 .text.CLOCK_SYS_ConvertAsyncDividerValue
                0x00000000       0x3e ./SDK/platform/drivers/src/clock/S32K1xx/clock_S32K1xx.o
 .text.CLOCK_DRV_SetModuleClock
                0x00000000      0x174 ./SDK/platform/drivers/src/clock/S32K1xx/clock_S32K1xx.o
 .text.CLOCK_DRV_SetSystemClock
                0x00000000      0x120 ./SDK/platform/drivers/src/clock/S32K1xx/clock_S32K1xx.o
 .text.CLOCK_DRV_GetSystemClockSource
                0x00000000       0x5c ./SDK/platform/drivers/src/clock/S32K1xx/clock_S32K1xx.o
 .text.CLOCK_DRV_SetClockSource
                0x00000000      0x298 ./SDK/platform/drivers/src/clock/S32K1xx/clock_S32K1xx.o
 .text.CLOCK_SYS_Init
                0x00000000       0x1c ./SDK/platform/drivers/src/clock/S32K1xx/clock_S32K1xx.o
 .text.CLOCK_SYS_UpdateConfiguration
                0x00000000       0xe8 ./SDK/platform/drivers/src/clock/S32K1xx/clock_S32K1xx.o
 .text.CLOCK_SYS_GetCurrentConfiguration
                0x00000000        0xc ./SDK/platform/drivers/src/clock/S32K1xx/clock_S32K1xx.o
 .text.CLOCK_SYS_GetErrorCallback
                0x00000000       0x1c ./SDK/platform/drivers/src/clock/S32K1xx/clock_S32K1xx.o
 .text.CLOCK_SYS_SetConfiguration
                0x00000000        0x8 ./SDK/platform/drivers/src/clock/S32K1xx/clock_S32K1xx.o
 .bss.g_clockState
                0x00000000       0x10 ./SDK/platform/drivers/src/clock/S32K1xx/clock_S32K1xx.o
 .rodata.sysClkDivMappings.7695
                0x00000000       0x10 ./SDK/platform/drivers/src/clock/S32K1xx/clock_S32K1xx.o
 .rodata.sysClkDivMappings.7773
                0x00000000       0x11 ./SDK/platform/drivers/src/clock/S32K1xx/clock_S32K1xx.o
 .text          0x00000000        0x0 ./SDK/platform/drivers/src/ftm/ftm_common.o
 .data          0x00000000        0x0 ./SDK/platform/drivers/src/ftm/ftm_common.o
 .bss           0x00000000        0x0 ./SDK/platform/drivers/src/ftm/ftm_common.o
 .text.FTM_DRV_Deinit
                0x00000000       0x20 ./SDK/platform/drivers/src/ftm/ftm_common.o
 .text.FTM_DRV_GetDefaultConfig
                0x00000000       0x2c ./SDK/platform/drivers/src/ftm/ftm_common.o
 .text.FTM_DRV_MaskOutputChannels
                0x00000000       0x20 ./SDK/platform/drivers/src/ftm/ftm_common.o
 .text.FTM_DRV_SetInitialCounterValue
                0x00000000       0x28 ./SDK/platform/drivers/src/ftm/ftm_common.o
 .text.FTM_DRV_SetHalfCycleReloadPoint
                0x00000000       0x20 ./SDK/platform/drivers/src/ftm/ftm_common.o
 .text.FTM_DRV_SetSoftOutChnValue
                0x00000000       0x38 ./SDK/platform/drivers/src/ftm/ftm_common.o
 .text.FTM_DRV_SetSoftwareOutputChannelControl
                0x00000000       0x2c ./SDK/platform/drivers/src/ftm/ftm_common.o
 .text.FTM_DRV_SetAllChnSoftwareOutputControl
                0x00000000       0x30 ./SDK/platform/drivers/src/ftm/ftm_common.o
 .text.FTM_DRV_SetInvertingControl
                0x00000000       0x20 ./SDK/platform/drivers/src/ftm/ftm_common.o
 .text.FTM_DRV_SetModuloCounterValue
                0x00000000       0x28 ./SDK/platform/drivers/src/ftm/ftm_common.o
 .text.FTM_DRV_SetOutputlevel
                0x00000000       0x34 ./SDK/platform/drivers/src/ftm/ftm_common.o
 .text.FTM_DRV_GenerateHardwareTrigger
                0x00000000       0x1c ./SDK/platform/drivers/src/ftm/ftm_common.o
 .text.FTM_DRV_EnableInterrupts
                0x00000000       0xa8 ./SDK/platform/drivers/src/ftm/ftm_common.o
 .text.FTM_DRV_DisableInterrupts
                0x00000000       0xa4 ./SDK/platform/drivers/src/ftm/ftm_common.o
 .text.FTM_DRV_GetEnabledInterrupts
                0x00000000       0x5c ./SDK/platform/drivers/src/ftm/ftm_common.o
 .text.FTM_DRV_GetStatusFlags
                0x00000000       0x5c ./SDK/platform/drivers/src/ftm/ftm_common.o
 .text.FTM_DRV_ClearStatusFlags
                0x00000000       0x8c ./SDK/platform/drivers/src/ftm/ftm_common.o
 .text.FTM_DRV_CounterReset
                0x00000000       0x24 ./SDK/platform/drivers/src/ftm/ftm_common.o
 .bss.faultDetection
                0x00000000        0x1 ./SDK/platform/drivers/src/ftm/ftm_common.o
 .rodata.g_ftmFaultIrqId
                0x00000000        0x4 ./SDK/platform/drivers/src/ftm/ftm_common.o
 .rodata.g_ftmIrqId
                0x00000000       0x20 ./SDK/platform/drivers/src/ftm/ftm_common.o
 .rodata.g_ftmReloadIrqId
                0x00000000        0x4 ./SDK/platform/drivers/src/ftm/ftm_common.o
 .text          0x00000000        0x0 ./SDK/platform/drivers/src/ftm/ftm_hw_access.o
 .data          0x00000000        0x0 ./SDK/platform/drivers/src/ftm/ftm_hw_access.o
 .bss           0x00000000        0x0 ./SDK/platform/drivers/src/ftm/ftm_hw_access.o
 .text.FTM_DRV_SetChnInputCaptureFilter
                0x00000000       0x52 ./SDK/platform/drivers/src/ftm/ftm_hw_access.o
 .text          0x00000000        0x0 ./SDK/platform/drivers/src/ftm/ftm_pwm_driver.o
 .data          0x00000000        0x0 ./SDK/platform/drivers/src/ftm/ftm_pwm_driver.o
 .bss           0x00000000        0x0 ./SDK/platform/drivers/src/ftm/ftm_pwm_driver.o
 .text.FTM_DRV_DeinitPwm
                0x00000000      0x10c ./SDK/platform/drivers/src/ftm/ftm_pwm_driver.o
 .text.FTM_DRV_UpdatePwmPeriod
                0x00000000       0x5c ./SDK/platform/drivers/src/ftm/ftm_pwm_driver.o
 .text.FTM_DRV_FastUpdatePwmChannels
                0x00000000       0x40 ./SDK/platform/drivers/src/ftm/ftm_pwm_driver.o
 .text.FTM_DRV_ControlChannelOutput
                0x00000000       0x30 ./SDK/platform/drivers/src/ftm/ftm_pwm_driver.o
 .text.FTM_PWM_DRV_IrqHandler
                0x00000000       0xa0 ./SDK/platform/drivers/src/ftm/ftm_pwm_driver.o
 .text          0x00000000        0x0 ./SDK/platform/drivers/src/interrupt/interrupt_manager.o
 .data          0x00000000        0x0 ./SDK/platform/drivers/src/interrupt/interrupt_manager.o
 .bss           0x00000000        0x0 ./SDK/platform/drivers/src/interrupt/interrupt_manager.o
 .text.INT_SYS_InstallHandler
                0x00000000       0x40 ./SDK/platform/drivers/src/interrupt/interrupt_manager.o
 .text.INT_SYS_EnableIRQGlobal
                0x00000000       0x1c ./SDK/platform/drivers/src/interrupt/interrupt_manager.o
 .text.INT_SYS_DisableIRQGlobal
                0x00000000       0x10 ./SDK/platform/drivers/src/interrupt/interrupt_manager.o
 .text.INT_SYS_SetPriority
                0x00000000       0x58 ./SDK/platform/drivers/src/interrupt/interrupt_manager.o
 .text.INT_SYS_GetPriority
                0x00000000       0x44 ./SDK/platform/drivers/src/interrupt/interrupt_manager.o
 .text.INT_SYS_ClearPending
                0x00000000       0x1c ./SDK/platform/drivers/src/interrupt/interrupt_manager.o
 .text.INT_SYS_SetPending
                0x00000000       0x1c ./SDK/platform/drivers/src/interrupt/interrupt_manager.o
 .text.INT_SYS_GetPending
                0x00000000       0x1c ./SDK/platform/drivers/src/interrupt/interrupt_manager.o
 .text.INT_SYS_GetActive
                0x00000000       0x1c ./SDK/platform/drivers/src/interrupt/interrupt_manager.o
 .bss.g_interruptDisableCount
                0x00000000        0x4 ./SDK/platform/drivers/src/interrupt/interrupt_manager.o
 .text          0x00000000        0x0 ./SDK/platform/drivers/src/pdb/pdb_driver.o
 .data          0x00000000        0x0 ./SDK/platform/drivers/src/pdb/pdb_driver.o
 .bss           0x00000000        0x0 ./SDK/platform/drivers/src/pdb/pdb_driver.o
 .text.PDB_DRV_Deinit
                0x00000000       0x30 ./SDK/platform/drivers/src/pdb/pdb_driver.o
 .text.PDB_DRV_GetDefaultConfig
                0x00000000       0x16 ./SDK/platform/drivers/src/pdb/pdb_driver.o
 .text.PDB_DRV_Disable
                0x00000000       0x14 ./SDK/platform/drivers/src/pdb/pdb_driver.o
 .text.PDB_DRV_GetTimerValue
                0x00000000       0x10 ./SDK/platform/drivers/src/pdb/pdb_driver.o
 .text.PDB_DRV_GetTimerIntFlag
                0x00000000       0x14 ./SDK/platform/drivers/src/pdb/pdb_driver.o
 .text.PDB_DRV_ClearTimerIntFlag
                0x00000000       0x20 ./SDK/platform/drivers/src/pdb/pdb_driver.o
 .text.PDB_DRV_SetTimerModulusValue
                0x00000000       0x18 ./SDK/platform/drivers/src/pdb/pdb_driver.o
 .text.PDB_DRV_SetValueForTimerInterrupt
                0x00000000       0x18 ./SDK/platform/drivers/src/pdb/pdb_driver.o
 .text.PDB_DRV_GetAdcPreTriggerFlags
                0x00000000       0x1c ./SDK/platform/drivers/src/pdb/pdb_driver.o
 .text.PDB_DRV_ClearAdcPreTriggerFlags
                0x00000000       0x14 ./SDK/platform/drivers/src/pdb/pdb_driver.o
 .text.PDB_DRV_GetAdcPreTriggerSeqErrFlags
                0x00000000       0x1c ./SDK/platform/drivers/src/pdb/pdb_driver.o
 .text.PDB_DRV_ClearAdcPreTriggerSeqErrFlags
                0x00000000       0x14 ./SDK/platform/drivers/src/pdb/pdb_driver.o
 .text.PDB_DRV_SetCmpPulseOutEnable
                0x00000000       0x14 ./SDK/platform/drivers/src/pdb/pdb_driver.o
 .text.PDB_DRV_SetCmpPulseOutDelayForHigh
                0x00000000       0x18 ./SDK/platform/drivers/src/pdb/pdb_driver.o
 .text.PDB_DRV_SetCmpPulseOutDelayForLow
                0x00000000       0x18 ./SDK/platform/drivers/src/pdb/pdb_driver.o
 .text          0x00000000        0x0 ./SDK/platform/drivers/src/pdb/pdb_hw_access.o
 .data          0x00000000        0x0 ./SDK/platform/drivers/src/pdb/pdb_hw_access.o
 .bss           0x00000000        0x0 ./SDK/platform/drivers/src/pdb/pdb_hw_access.o
 .text.PDB_ClearAdcPreTriggerFlags
                0x00000000       0x24 ./SDK/platform/drivers/src/pdb/pdb_hw_access.o
 .text.PDB_ClearAdcPreTriggerSeqErrFlags
                0x00000000       0x22 ./SDK/platform/drivers/src/pdb/pdb_hw_access.o
 .text.PDB_SetCmpPulseOutEnable
                0x00000000       0x18 ./SDK/platform/drivers/src/pdb/pdb_hw_access.o
 .text          0x00000000        0x0 ./SDK/platform/drivers/src/pins/pins_driver.o
 .data          0x00000000        0x0 ./SDK/platform/drivers/src/pins/pins_driver.o
 .bss           0x00000000        0x0 ./SDK/platform/drivers/src/pins/pins_driver.o
 .text.PINS_DRV_SetPullSel
                0x00000000       0x3a ./SDK/platform/drivers/src/pins/pins_driver.o
 .text.PINS_DRV_SetMuxModeSel
                0x00000000        0x8 ./SDK/platform/drivers/src/pins/pins_driver.o
 .text.PINS_DRV_SetPinIntSel
                0x00000000       0x16 ./SDK/platform/drivers/src/pins/pins_driver.o
 .text.PINS_DRV_GetPinIntSel
                0x00000000        0xa ./SDK/platform/drivers/src/pins/pins_driver.o
 .text.PINS_DRV_ClearPinIntFlagCmd
                0x00000000        0xe ./SDK/platform/drivers/src/pins/pins_driver.o
 .text.PINS_DRV_EnableDigitalFilter
                0x00000000       0x12 ./SDK/platform/drivers/src/pins/pins_driver.o
 .text.PINS_DRV_DisableDigitalFilter
                0x00000000       0x14 ./SDK/platform/drivers/src/pins/pins_driver.o
 .text.PINS_DRV_ConfigDigitalFilter
                0x00000000       0x16 ./SDK/platform/drivers/src/pins/pins_driver.o
 .text.PINS_DRV_GetPortIntFlag
                0x00000000        0x6 ./SDK/platform/drivers/src/pins/pins_driver.o
 .text.PINS_DRV_ClearPortIntFlagCmd
                0x00000000        0xa ./SDK/platform/drivers/src/pins/pins_driver.o
 .text.PINS_DRV_GetPinsDirection
                0x00000000        0x4 ./SDK/platform/drivers/src/pins/pins_driver.o
 .text.PINS_DRV_SetPinDirection
                0x00000000       0x18 ./SDK/platform/drivers/src/pins/pins_driver.o
 .text.PINS_DRV_SetPinsDirection
                0x00000000        0x4 ./SDK/platform/drivers/src/pins/pins_driver.o
 .text.PINS_DRV_SetPortInputDisable
                0x00000000        0x4 ./SDK/platform/drivers/src/pins/pins_driver.o
 .text.PINS_DRV_GetPortInputDisable
                0x00000000        0x4 ./SDK/platform/drivers/src/pins/pins_driver.o
 .text.PINS_DRV_SetGlobalPinControl
                0x00000000        0x8 ./SDK/platform/drivers/src/pins/pins_driver.o
 .text.PINS_DRV_SetGlobalIntControl
                0x00000000        0x8 ./SDK/platform/drivers/src/pins/pins_driver.o
 .text.PINS_DRV_WritePin
                0x00000000       0x18 ./SDK/platform/drivers/src/pins/pins_driver.o
 .text.PINS_DRV_WritePins
                0x00000000        0x4 ./SDK/platform/drivers/src/pins/pins_driver.o
 .text.PINS_DRV_GetPinsOutput
                0x00000000        0x4 ./SDK/platform/drivers/src/pins/pins_driver.o
 .text.PINS_DRV_SetPins
                0x00000000        0x4 ./SDK/platform/drivers/src/pins/pins_driver.o
 .text.PINS_DRV_ClearPins
                0x00000000        0x4 ./SDK/platform/drivers/src/pins/pins_driver.o
 .text.PINS_DRV_TogglePins
                0x00000000        0x4 ./SDK/platform/drivers/src/pins/pins_driver.o
 .text.PINS_DRV_ReadPins
                0x00000000        0x4 ./SDK/platform/drivers/src/pins/pins_driver.o
 .text          0x00000000        0x0 ./SDK/platform/drivers/src/pins/pins_port_hw_access.o
 .data          0x00000000        0x0 ./SDK/platform/drivers/src/pins/pins_port_hw_access.o
 .bss           0x00000000        0x0 ./SDK/platform/drivers/src/pins/pins_port_hw_access.o
 .text.PINS_SetMuxModeSel
                0x00000000       0x50 ./SDK/platform/drivers/src/pins/pins_port_hw_access.o
 .text.PINS_SetGlobalPinControl
                0x00000000       0x2c ./SDK/platform/drivers/src/pins/pins_port_hw_access.o
 .text.PINS_SetGlobalIntControl
                0x00000000       0x24 ./SDK/platform/drivers/src/pins/pins_port_hw_access.o
 .text          0x00000000        0x0 ./SDK/platform/drivers/src/trgmux/trgmux_driver.o
 .data          0x00000000        0x0 ./SDK/platform/drivers/src/trgmux/trgmux_driver.o
 .bss           0x00000000        0x0 ./SDK/platform/drivers/src/trgmux/trgmux_driver.o
 .text.TRGMUX_DRV_Init
                0x00000000       0x64 ./SDK/platform/drivers/src/trgmux/trgmux_driver.o
 .text.TRGMUX_DRV_Deinit
                0x00000000       0x10 ./SDK/platform/drivers/src/trgmux/trgmux_driver.o
 .text.TRGMUX_DRV_GetTrigSourceForTargetModule
                0x00000000       0x10 ./SDK/platform/drivers/src/trgmux/trgmux_driver.o
 .text.TRGMUX_DRV_SetLockForTargetModule
                0x00000000       0x10 ./SDK/platform/drivers/src/trgmux/trgmux_driver.o
 .text.TRGMUX_DRV_GetLockForTargetModule
                0x00000000       0x10 ./SDK/platform/drivers/src/trgmux/trgmux_driver.o
 .text.TRGMUX_DRV_GenSWTrigger
                0x00000000       0x10 ./SDK/platform/drivers/src/trgmux/trgmux_driver.o
 .text          0x00000000        0x0 ./SDK/platform/drivers/src/trgmux/trgmux_hw_access.o
 .data          0x00000000        0x0 ./SDK/platform/drivers/src/trgmux/trgmux_hw_access.o
 .bss           0x00000000        0x0 ./SDK/platform/drivers/src/trgmux/trgmux_hw_access.o
 .text.TRGMUX_Init
                0x00000000       0x5c ./SDK/platform/drivers/src/trgmux/trgmux_hw_access.o
 .text.TRGMUX_GetTrigSourceForTargetModule
                0x00000000       0x14 ./SDK/platform/drivers/src/trgmux/trgmux_hw_access.o
 .text.TRGMUX_SetLockForTargetModule
                0x00000000       0x10 ./SDK/platform/drivers/src/trgmux/trgmux_hw_access.o
 .rodata.s_trgmuxTargetModule.6440
                0x00000000       0x35 ./SDK/platform/drivers/src/trgmux/trgmux_hw_access.o
 .text          0x00000000        0x0 ./SDK/platform/pal/src/adc/adc_irq.o
 .data          0x00000000        0x0 ./SDK/platform/pal/src/adc/adc_irq.o
 .bss           0x00000000        0x0 ./SDK/platform/pal/src/adc/adc_irq.o
 .text          0x00000000        0x0 ./SDK/platform/pal/src/adc/adc_pal.o
 .data          0x00000000        0x0 ./SDK/platform/pal/src/adc/adc_pal.o
 .bss           0x00000000        0x0 ./SDK/platform/pal/src/adc/adc_pal.o
 .text.ADC_StopGroupBlocking
                0x00000000       0xa8 ./SDK/platform/pal/src/adc/adc_pal.o
 .text.ADC_Deinit
                0x00000000       0x68 ./SDK/platform/pal/src/adc/adc_pal.o
 .text.ADC_EnableHardwareTrigger
                0x00000000       0x68 ./SDK/platform/pal/src/adc/adc_pal.o
 .text.ADC_StopGroupConversion
                0x00000000       0x48 ./SDK/platform/pal/src/adc/adc_pal.o
 .text.ADC_EnableNotification
                0x00000000       0x40 ./SDK/platform/pal/src/adc/adc_pal.o
 .text.ADC_DisableNotification
                0x00000000       0x3c ./SDK/platform/pal/src/adc/adc_pal.o
 .text.ADC_DisableHardwareTrigger
                0x00000000       0x54 ./SDK/platform/pal/src/adc/adc_pal.o
 .rodata.adcBase.7756
                0x00000000        0x8 ./SDK/platform/pal/src/adc/adc_pal.o
 .text          0x00000000        0x0 ./SDK/platform/pal/src/pwm/pwm_pal.o
 .data          0x00000000        0x0 ./SDK/platform/pal/src/pwm/pwm_pal.o
 .bss           0x00000000        0x0 ./SDK/platform/pal/src/pwm/pwm_pal.o
 .text.PWM_UpdatePeriod
                0x00000000       0x1a ./SDK/platform/pal/src/pwm/pwm_pal.o
 .text.PWM_OverwriteOutputChannels
                0x00000000       0x1a ./SDK/platform/pal/src/pwm/pwm_pal.o
 .text.PWM_Deinit
                0x00000000       0x50 ./SDK/platform/pal/src/pwm/pwm_pal.o
 .text          0x00000000        0x0 ./SDK/rtos/osif/osif_baremetal.o
 .data          0x00000000        0x0 ./SDK/rtos/osif/osif_baremetal.o
 .bss           0x00000000        0x0 ./SDK/rtos/osif/osif_baremetal.o
 .text.OSIF_TimeDelay
                0x00000000       0x60 ./SDK/rtos/osif/osif_baremetal.o
 .text.OSIF_GetMilliseconds
                0x00000000        0xc ./SDK/rtos/osif/osif_baremetal.o
 .text.OSIF_MutexLock
                0x00000000        0x4 ./SDK/rtos/osif/osif_baremetal.o
 .text.OSIF_MutexUnlock
                0x00000000        0x4 ./SDK/rtos/osif/osif_baremetal.o
 .text.OSIF_MutexCreate
                0x00000000        0x4 ./SDK/rtos/osif/osif_baremetal.o
 .text.OSIF_MutexDestroy
                0x00000000        0x4 ./SDK/rtos/osif/osif_baremetal.o
 .text.OSIF_SemaWait
                0x00000000       0x84 ./SDK/rtos/osif/osif_baremetal.o
 .text.OSIF_SemaPost
                0x00000000       0x26 ./SDK/rtos/osif/osif_baremetal.o
 .text.OSIF_SemaCreate
                0x00000000       0x14 ./SDK/rtos/osif/osif_baremetal.o
 .text.OSIF_SemaDestroy
                0x00000000        0x4 ./SDK/rtos/osif/osif_baremetal.o
 .data.first_init.6874
                0x00000000        0x1 ./SDK/rtos/osif/osif_baremetal.o
 .text          0x00000000        0x0 ./board/clock_config.o
 .data          0x00000000        0x0 ./board/clock_config.o
 .bss           0x00000000        0x0 ./board/clock_config.o
 .bss.g_clockManCallbacksArr
                0x00000000        0x4 ./board/clock_config.o
 .data.g_clockManConfigsArr
                0x00000000        0x4 ./board/clock_config.o
 .text          0x00000000        0x0 ./board/peripherals_adc_pal_1.o
 .data          0x00000000        0x0 ./board/peripherals_adc_pal_1.o
 .bss           0x00000000        0x0 ./board/peripherals_adc_pal_1.o
 .text          0x00000000        0x0 ./board/peripherals_pwm_pal_1.o
 .data          0x00000000        0x0 ./board/peripherals_pwm_pal_1.o
 .bss           0x00000000        0x0 ./board/peripherals_pwm_pal_1.o
 .text          0x00000000        0x0 ./board/pin_mux.o
 .data          0x00000000        0x0 ./board/pin_mux.o
 .bss           0x00000000        0x0 ./board/pin_mux.o
 .text          0x00000000        0x0 ./src/main.o
 .data          0x00000000        0x0 ./src/main.o
 .bss           0x00000000        0x0 ./src/main.o
 .text          0x00000000        0x0 C:/NXP/S32DS.3.5/S32DS/build_tools/gcc_b1620/gcc-6.3-arm32-eabi/arm-none-eabi/newlib/lib/thumb/v7e-m/fpv4-sp/hard\libc_nano.a(lib_a-exit.o)
 .data          0x00000000        0x0 C:/NXP/S32DS.3.5/S32DS/build_tools/gcc_b1620/gcc-6.3-arm32-eabi/arm-none-eabi/newlib/lib/thumb/v7e-m/fpv4-sp/hard\libc_nano.a(lib_a-exit.o)
 .bss           0x00000000        0x0 C:/NXP/S32DS.3.5/S32DS/build_tools/gcc_b1620/gcc-6.3-arm32-eabi/arm-none-eabi/newlib/lib/thumb/v7e-m/fpv4-sp/hard\libc_nano.a(lib_a-exit.o)
 .text.exit     0x00000000       0x28 C:/NXP/S32DS.3.5/S32DS/build_tools/gcc_b1620/gcc-6.3-arm32-eabi/arm-none-eabi/newlib/lib/thumb/v7e-m/fpv4-sp/hard\libc_nano.a(lib_a-exit.o)
 .debug_frame   0x00000000       0x28 C:/NXP/S32DS.3.5/S32DS/build_tools/gcc_b1620/gcc-6.3-arm32-eabi/arm-none-eabi/newlib/lib/thumb/v7e-m/fpv4-sp/hard\libc_nano.a(lib_a-exit.o)
 .ARM.attributes
                0x00000000       0x34 C:/NXP/S32DS.3.5/S32DS/build_tools/gcc_b1620/gcc-6.3-arm32-eabi/arm-none-eabi/newlib/lib/thumb/v7e-m/fpv4-sp/hard\libc_nano.a(lib_a-exit.o)
 .text          0x00000000        0x0 C:/NXP/S32DS.3.5/S32DS/build_tools/gcc_b1620/gcc-6.3-arm32-eabi/arm-none-eabi/newlib/lib/thumb/v7e-m/fpv4-sp/hard\libc_nano.a(lib_a-impure.o)
 .data          0x00000000        0x0 C:/NXP/S32DS.3.5/S32DS/build_tools/gcc_b1620/gcc-6.3-arm32-eabi/arm-none-eabi/newlib/lib/thumb/v7e-m/fpv4-sp/hard\libc_nano.a(lib_a-impure.o)
 .bss           0x00000000        0x0 C:/NXP/S32DS.3.5/S32DS/build_tools/gcc_b1620/gcc-6.3-arm32-eabi/arm-none-eabi/newlib/lib/thumb/v7e-m/fpv4-sp/hard\libc_nano.a(lib_a-impure.o)
 .data._impure_ptr
                0x00000000        0x4 C:/NXP/S32DS.3.5/S32DS/build_tools/gcc_b1620/gcc-6.3-arm32-eabi/arm-none-eabi/newlib/lib/thumb/v7e-m/fpv4-sp/hard\libc_nano.a(lib_a-impure.o)
 .data.impure_data
                0x00000000       0x60 C:/NXP/S32DS.3.5/S32DS/build_tools/gcc_b1620/gcc-6.3-arm32-eabi/arm-none-eabi/newlib/lib/thumb/v7e-m/fpv4-sp/hard\libc_nano.a(lib_a-impure.o)
 .rodata._global_impure_ptr
                0x00000000        0x4 C:/NXP/S32DS.3.5/S32DS/build_tools/gcc_b1620/gcc-6.3-arm32-eabi/arm-none-eabi/newlib/lib/thumb/v7e-m/fpv4-sp/hard\libc_nano.a(lib_a-impure.o)
 .ARM.attributes
                0x00000000       0x34 C:/NXP/S32DS.3.5/S32DS/build_tools/gcc_b1620/gcc-6.3-arm32-eabi/arm-none-eabi/newlib/lib/thumb/v7e-m/fpv4-sp/hard\libc_nano.a(lib_a-impure.o)
 .text          0x00000000        0x0 C:/NXP/S32DS.3.5/S32DS/build_tools/gcc_b1620/gcc-6.3-arm32-eabi/arm-none-eabi/newlib/lib/thumb/v7e-m/fpv4-sp/hard\libc_nano.a(lib_a-init.o)
 .data          0x00000000        0x0 C:/NXP/S32DS.3.5/S32DS/build_tools/gcc_b1620/gcc-6.3-arm32-eabi/arm-none-eabi/newlib/lib/thumb/v7e-m/fpv4-sp/hard\libc_nano.a(lib_a-init.o)
 .bss           0x00000000        0x0 C:/NXP/S32DS.3.5/S32DS/build_tools/gcc_b1620/gcc-6.3-arm32-eabi/arm-none-eabi/newlib/lib/thumb/v7e-m/fpv4-sp/hard\libc_nano.a(lib_a-init.o)
 .text.__libc_init_array
                0x00000000       0x48 C:/NXP/S32DS.3.5/S32DS/build_tools/gcc_b1620/gcc-6.3-arm32-eabi/arm-none-eabi/newlib/lib/thumb/v7e-m/fpv4-sp/hard\libc_nano.a(lib_a-init.o)
 .debug_frame   0x00000000       0x2c C:/NXP/S32DS.3.5/S32DS/build_tools/gcc_b1620/gcc-6.3-arm32-eabi/arm-none-eabi/newlib/lib/thumb/v7e-m/fpv4-sp/hard\libc_nano.a(lib_a-init.o)
 .ARM.attributes
                0x00000000       0x34 C:/NXP/S32DS.3.5/S32DS/build_tools/gcc_b1620/gcc-6.3-arm32-eabi/arm-none-eabi/newlib/lib/thumb/v7e-m/fpv4-sp/hard\libc_nano.a(lib_a-init.o)
 .text          0x00000000        0x0 C:/NXP/S32DS.3.5/S32DS/build_tools/gcc_b1620/gcc-6.3-arm32-eabi/arm-none-eabi/newlib/lib/thumb/v7e-m/fpv4-sp/hard\libc_nano.a(lib_a-memset.o)
 .data          0x00000000        0x0 C:/NXP/S32DS.3.5/S32DS/build_tools/gcc_b1620/gcc-6.3-arm32-eabi/arm-none-eabi/newlib/lib/thumb/v7e-m/fpv4-sp/hard\libc_nano.a(lib_a-memset.o)
 .bss           0x00000000        0x0 C:/NXP/S32DS.3.5/S32DS/build_tools/gcc_b1620/gcc-6.3-arm32-eabi/arm-none-eabi/newlib/lib/thumb/v7e-m/fpv4-sp/hard\libc_nano.a(lib_a-memset.o)
 .text.memset   0x00000000       0x10 C:/NXP/S32DS.3.5/S32DS/build_tools/gcc_b1620/gcc-6.3-arm32-eabi/arm-none-eabi/newlib/lib/thumb/v7e-m/fpv4-sp/hard\libc_nano.a(lib_a-memset.o)
 .debug_frame   0x00000000       0x20 C:/NXP/S32DS.3.5/S32DS/build_tools/gcc_b1620/gcc-6.3-arm32-eabi/arm-none-eabi/newlib/lib/thumb/v7e-m/fpv4-sp/hard\libc_nano.a(lib_a-memset.o)
 .ARM.attributes
                0x00000000       0x34 C:/NXP/S32DS.3.5/S32DS/build_tools/gcc_b1620/gcc-6.3-arm32-eabi/arm-none-eabi/newlib/lib/thumb/v7e-m/fpv4-sp/hard\libc_nano.a(lib_a-memset.o)
 .text          0x00000000        0x0 C:/NXP/S32DS.3.5/S32DS/build_tools/gcc_b1620/gcc-6.3-arm32-eabi/arm-none-eabi/newlib/lib/thumb/v7e-m/fpv4-sp/hard\libnosys.a(_exit.o)
 .data          0x00000000        0x0 C:/NXP/S32DS.3.5/S32DS/build_tools/gcc_b1620/gcc-6.3-arm32-eabi/arm-none-eabi/newlib/lib/thumb/v7e-m/fpv4-sp/hard\libnosys.a(_exit.o)
 .bss           0x00000000        0x0 C:/NXP/S32DS.3.5/S32DS/build_tools/gcc_b1620/gcc-6.3-arm32-eabi/arm-none-eabi/newlib/lib/thumb/v7e-m/fpv4-sp/hard\libnosys.a(_exit.o)
 .text._exit    0x00000000        0x2 C:/NXP/S32DS.3.5/S32DS/build_tools/gcc_b1620/gcc-6.3-arm32-eabi/arm-none-eabi/newlib/lib/thumb/v7e-m/fpv4-sp/hard\libnosys.a(_exit.o)
 .debug_frame   0x00000000       0x20 C:/NXP/S32DS.3.5/S32DS/build_tools/gcc_b1620/gcc-6.3-arm32-eabi/arm-none-eabi/newlib/lib/thumb/v7e-m/fpv4-sp/hard\libnosys.a(_exit.o)
 .ARM.attributes
                0x00000000       0x34 C:/NXP/S32DS.3.5/S32DS/build_tools/gcc_b1620/gcc-6.3-arm32-eabi/arm-none-eabi/newlib/lib/thumb/v7e-m/fpv4-sp/hard\libnosys.a(_exit.o)
 .text          0x00000000        0x0 c:/nxp/s32ds.3.5/s32ds/build_tools/gcc_b1620/gcc-6.3-arm32-eabi/bin/../lib/gcc/arm-none-eabi/6.3.1/thumb/v7e-m/fpv4-sp/hard/crtend.o
 .data          0x00000000        0x0 c:/nxp/s32ds.3.5/s32ds/build_tools/gcc_b1620/gcc-6.3-arm32-eabi/bin/../lib/gcc/arm-none-eabi/6.3.1/thumb/v7e-m/fpv4-sp/hard/crtend.o
 .bss           0x00000000        0x0 c:/nxp/s32ds.3.5/s32ds/build_tools/gcc_b1620/gcc-6.3-arm32-eabi/bin/../lib/gcc/arm-none-eabi/6.3.1/thumb/v7e-m/fpv4-sp/hard/crtend.o
 .eh_frame      0x00000000        0x4 c:/nxp/s32ds.3.5/s32ds/build_tools/gcc_b1620/gcc-6.3-arm32-eabi/bin/../lib/gcc/arm-none-eabi/6.3.1/thumb/v7e-m/fpv4-sp/hard/crtend.o
 .jcr           0x00000000        0x4 c:/nxp/s32ds.3.5/s32ds/build_tools/gcc_b1620/gcc-6.3-arm32-eabi/bin/../lib/gcc/arm-none-eabi/6.3.1/thumb/v7e-m/fpv4-sp/hard/crtend.o
 .tm_clone_table
                0x00000000        0x0 c:/nxp/s32ds.3.5/s32ds/build_tools/gcc_b1620/gcc-6.3-arm32-eabi/bin/../lib/gcc/arm-none-eabi/6.3.1/thumb/v7e-m/fpv4-sp/hard/crtend.o
 .comment       0x00000000       0x7f c:/nxp/s32ds.3.5/s32ds/build_tools/gcc_b1620/gcc-6.3-arm32-eabi/bin/../lib/gcc/arm-none-eabi/6.3.1/thumb/v7e-m/fpv4-sp/hard/crtend.o
 .ARM.attributes
                0x00000000       0x34 c:/nxp/s32ds.3.5/s32ds/build_tools/gcc_b1620/gcc-6.3-arm32-eabi/bin/../lib/gcc/arm-none-eabi/6.3.1/thumb/v7e-m/fpv4-sp/hard/crtend.o
 .text          0x00000000        0x0 c:/nxp/s32ds.3.5/s32ds/build_tools/gcc_b1620/gcc-6.3-arm32-eabi/bin/../lib/gcc/arm-none-eabi/6.3.1/thumb/v7e-m/fpv4-sp/hard/crtn.o
 .data          0x00000000        0x0 c:/nxp/s32ds.3.5/s32ds/build_tools/gcc_b1620/gcc-6.3-arm32-eabi/bin/../lib/gcc/arm-none-eabi/6.3.1/thumb/v7e-m/fpv4-sp/hard/crtn.o
 .bss           0x00000000        0x0 c:/nxp/s32ds.3.5/s32ds/build_tools/gcc_b1620/gcc-6.3-arm32-eabi/bin/../lib/gcc/arm-none-eabi/6.3.1/thumb/v7e-m/fpv4-sp/hard/crtn.o
 .init          0x00000000        0x8 c:/nxp/s32ds.3.5/s32ds/build_tools/gcc_b1620/gcc-6.3-arm32-eabi/bin/../lib/gcc/arm-none-eabi/6.3.1/thumb/v7e-m/fpv4-sp/hard/crtn.o
 .fini          0x00000000        0x8 c:/nxp/s32ds.3.5/s32ds/build_tools/gcc_b1620/gcc-6.3-arm32-eabi/bin/../lib/gcc/arm-none-eabi/6.3.1/thumb/v7e-m/fpv4-sp/hard/crtn.o
 .ARM.attributes
                0x00000000       0x22 c:/nxp/s32ds.3.5/s32ds/build_tools/gcc_b1620/gcc-6.3-arm32-eabi/bin/../lib/gcc/arm-none-eabi/6.3.1/thumb/v7e-m/fpv4-sp/hard/crtn.o

Memory Configuration

Name             Origin             Length             Attributes
m_interrupts     0x00000000         0x00000400         xr
m_flash_config   0x00000400         0x00000010         xr
m_text           0x00000410         0x0007fbf0         xr
m_data           0x1fff8000         0x00008000         rw
m_data_2         0x20000000         0x00007000         rw
*default*        0x00000000         0xffffffff

Linker script and memory map

LOAD c:/nxp/s32ds.3.5/s32ds/build_tools/gcc_b1620/gcc-6.3-arm32-eabi/bin/../lib/gcc/arm-none-eabi/6.3.1/thumb/v7e-m/fpv4-sp/hard/crti.o
LOAD c:/nxp/s32ds.3.5/s32ds/build_tools/gcc_b1620/gcc-6.3-arm32-eabi/bin/../lib/gcc/arm-none-eabi/6.3.1/thumb/v7e-m/fpv4-sp/hard/crtbegin.o
LOAD C:/NXP/S32DS.3.5/S32DS/build_tools/gcc_b1620/gcc-6.3-arm32-eabi/arm-none-eabi/newlib/lib/thumb/v7e-m/fpv4-sp/hard/crt0.o
LOAD ./Project_Settings/Startup_Code/startup_S32K144.o
LOAD ./SDK/platform/devices/S32K144/startup/system_S32K144.o
LOAD ./SDK/platform/devices/startup.o
LOAD ./SDK/platform/drivers/src/adc/adc_driver.o
LOAD ./SDK/platform/drivers/src/clock/S32K1xx/clock_S32K1xx.o
LOAD ./SDK/platform/drivers/src/ftm/ftm_common.o
LOAD ./SDK/platform/drivers/src/ftm/ftm_hw_access.o
LOAD ./SDK/platform/drivers/src/ftm/ftm_pwm_driver.o
LOAD ./SDK/platform/drivers/src/interrupt/interrupt_manager.o
LOAD ./SDK/platform/drivers/src/pdb/pdb_driver.o
LOAD ./SDK/platform/drivers/src/pdb/pdb_hw_access.o
LOAD ./SDK/platform/drivers/src/pins/pins_driver.o
LOAD ./SDK/platform/drivers/src/pins/pins_port_hw_access.o
LOAD ./SDK/platform/drivers/src/trgmux/trgmux_driver.o
LOAD ./SDK/platform/drivers/src/trgmux/trgmux_hw_access.o
LOAD ./SDK/platform/pal/src/adc/adc_irq.o
LOAD ./SDK/platform/pal/src/adc/adc_pal.o
LOAD ./SDK/platform/pal/src/pwm/pwm_pal.o
LOAD ./SDK/rtos/osif/osif_baremetal.o
LOAD ./board/clock_config.o
LOAD ./board/peripherals_adc_pal_1.o
LOAD ./board/peripherals_pwm_pal_1.o
LOAD ./board/pin_mux.o
LOAD ./src/main.o
START GROUP
LOAD c:/nxp/s32ds.3.5/s32ds/build_tools/gcc_b1620/gcc-6.3-arm32-eabi/bin/../lib/gcc/arm-none-eabi/6.3.1/thumb/v7e-m/fpv4-sp/hard\libgcc.a
LOAD C:/NXP/S32DS.3.5/S32DS/build_tools/gcc_b1620/gcc-6.3-arm32-eabi/arm-none-eabi/newlib/lib/thumb/v7e-m/fpv4-sp/hard\libc_nano.a
END GROUP
START GROUP
LOAD c:/nxp/s32ds.3.5/s32ds/build_tools/gcc_b1620/gcc-6.3-arm32-eabi/bin/../lib/gcc/arm-none-eabi/6.3.1/thumb/v7e-m/fpv4-sp/hard\libgcc.a
LOAD C:/NXP/S32DS.3.5/S32DS/build_tools/gcc_b1620/gcc-6.3-arm32-eabi/arm-none-eabi/newlib/lib/thumb/v7e-m/fpv4-sp/hard\libc_nano.a
LOAD C:/NXP/S32DS.3.5/S32DS/build_tools/gcc_b1620/gcc-6.3-arm32-eabi/arm-none-eabi/newlib/lib/thumb/v7e-m/fpv4-sp/hard\libnosys.a
END GROUP
START GROUP
LOAD c:/nxp/s32ds.3.5/s32ds/build_tools/gcc_b1620/gcc-6.3-arm32-eabi/bin/../lib/gcc/arm-none-eabi/6.3.1/thumb/v7e-m/fpv4-sp/hard\libgcc.a
LOAD C:/NXP/S32DS.3.5/S32DS/build_tools/gcc_b1620/gcc-6.3-arm32-eabi/arm-none-eabi/newlib/lib/thumb/v7e-m/fpv4-sp/hard\libc_nano.a
LOAD C:/NXP/S32DS.3.5/S32DS/build_tools/gcc_b1620/gcc-6.3-arm32-eabi/arm-none-eabi/newlib/lib/thumb/v7e-m/fpv4-sp/hard\libnosys.a
END GROUP
LOAD c:/nxp/s32ds.3.5/s32ds/build_tools/gcc_b1620/gcc-6.3-arm32-eabi/bin/../lib/gcc/arm-none-eabi/6.3.1/thumb/v7e-m/fpv4-sp/hard/crtend.o
LOAD c:/nxp/s32ds.3.5/s32ds/build_tools/gcc_b1620/gcc-6.3-arm32-eabi/bin/../lib/gcc/arm-none-eabi/6.3.1/thumb/v7e-m/fpv4-sp/hard/crtn.o
                0x00000400                HEAP_SIZE = DEFINED (__heap_size__)?__heap_size__:0x400
                0x00000400                STACK_SIZE = DEFINED (__stack_size__)?__stack_size__:0x400
                0x00000400                M_VECTOR_RAM_SIZE = DEFINED (__flash_vector_table__)?0x0:0x400

.interrupts     0x00000000      0x400
                0x00000000                __VECTOR_TABLE = .
                0x00000000                __interrupts_start__ = .
                0x00000000                . = ALIGN (0x4)
 *(.isr_vector)
 .isr_vector    0x00000000      0x400 ./Project_Settings/Startup_Code/startup_S32K144.o
                0x00000000                __isr_vector
                0x00000400                __interrupts_end__ = .
                0x00000400                . = ALIGN (0x4)

.flash_config   0x00000400       0x10
                0x00000400                . = ALIGN (0x4)
 *(.FlashConfig)
 .FlashConfig   0x00000400       0x10 ./Project_Settings/Startup_Code/startup_S32K144.o
                0x00000410                . = ALIGN (0x4)

.text           0x00000410     0x32bc
                0x00000410                . = ALIGN (0x4)
 *(.text)
 .text          0x00000410       0x4c ./Project_Settings/Startup_Code/startup_S32K144.o
                0x00000410                Reset_Handler
                0x00000458                DebugMon_Handler
                0x00000458                Reserved88_IRQHandler
                0x00000458                CAN0_ORed_IRQHandler
                0x00000458                HardFault_Handler
                0x00000458                Reserved86_IRQHandler
                0x00000458                Reserved103_IRQHandler
                0x00000458                FTM2_Ovf_Reload_IRQHandler
                0x00000458                Reserved50_IRQHandler
                0x00000458                FTFC_Fault_IRQHandler
                0x00000458                FTM0_Ch6_Ch7_IRQHandler
                0x00000458                Reserved114_IRQHandler
                0x00000458                PendSV_Handler
                0x00000458                NMI_Handler
                0x00000458                Reserved89_IRQHandler
                0x00000458                ERM_double_fault_IRQHandler
                0x00000458                DMA2_IRQHandler
                0x00000458                Reserved59_IRQHandler
                0x00000458                LPIT0_Ch0_IRQHandler
                0x00000458                Reserved99_IRQHandler
                0x00000458                FTM3_Ch6_Ch7_IRQHandler
                0x00000458                CAN2_ORed_0_15_MB_IRQHandler
                0x00000458                LPIT0_Ch3_IRQHandler
                0x00000458                Reserved92_IRQHandler
                0x00000458                FTM0_Ch4_Ch5_IRQHandler
                0x00000458                CAN1_Error_IRQHandler
                0x00000458                FTM3_Ch0_Ch1_IRQHandler
                0x00000458                SWI_IRQHandler
                0x00000458                FTM2_Ch4_Ch5_IRQHandler
                0x00000458                UsageFault_Handler
                0x00000458                FTM0_Ovf_Reload_IRQHandler
                0x00000458                DefaultISR
                0x00000458                DMA9_IRQHandler
                0x00000458                Reserved58_IRQHandler
                0x00000458                CAN1_ORed_0_15_MB_IRQHandler
                0x00000458                FTM1_Ch2_Ch3_IRQHandler
                0x00000458                DMA14_IRQHandler
                0x00000458                Reserved82_IRQHandler
                0x00000458                CAN0_ORed_16_31_MB_IRQHandler
                0x00000458                LPI2C0_Slave_IRQHandler
                0x00000458                Reserved71_IRQHandler
                0x00000458                PORTD_IRQHandler
                0x00000458                Reserved69_IRQHandler
                0x00000458                PORTB_IRQHandler
                0x00000458                Reserved70_IRQHandler
                0x00000458                FTM2_Ch2_Ch3_IRQHandler
                0x00000458                Reserved53_IRQHandler
                0x00000458                DMA5_IRQHandler
                0x00000458                RTC_IRQHandler
                0x00000458                PDB0_IRQHandler
                0x00000458                Reserved54_IRQHandler
                0x00000458                FTM2_Ch6_Ch7_IRQHandler
                0x00000458                FTM3_Ch2_Ch3_IRQHandler
                0x00000458                FTM2_Ch0_Ch1_IRQHandler
                0x00000458                LPSPI1_IRQHandler
                0x00000458                LPUART1_RxTx_IRQHandler
                0x00000458                RTC_Seconds_IRQHandler
                0x00000458                CAN2_ORed_IRQHandler
                0x00000458                Reserved72_IRQHandler
                0x00000458                Reserved110_IRQHandler
                0x00000458                DMA11_IRQHandler
                0x00000458                Reserved107_IRQHandler
                0x00000458                Read_Collision_IRQHandler
                0x00000458                CAN2_Error_IRQHandler
                0x00000458                FTFC_IRQHandler
                0x00000458                DMA7_IRQHandler
                0x00000458                FTM1_Ch6_Ch7_IRQHandler
                0x00000458                Reserved105_IRQHandler
                0x00000458                LPIT0_Ch1_IRQHandler
                0x00000458                FTM1_Ch4_Ch5_IRQHandler
                0x00000458                FTM3_Ovf_Reload_IRQHandler
                0x00000458                LPUART2_RxTx_IRQHandler
                0x00000458                LPSPI0_IRQHandler
                0x00000458                WDOG_EWM_IRQHandler
                0x00000458                MemManage_Handler
                0x00000458                Reserved90_IRQHandler
                0x00000458                Reserved83_IRQHandler
                0x00000458                FTM0_Fault_IRQHandler
                0x00000458                Reserved48_IRQHandler
                0x00000458                SVC_Handler
                0x00000458                ERM_single_fault_IRQHandler
                0x00000458                FTM2_Fault_IRQHandler
                0x00000458                FTM0_Ch2_Ch3_IRQHandler
                0x00000458                DMA13_IRQHandler
                0x00000458                FTM0_Ch0_Ch1_IRQHandler
                0x00000458                FTM3_Fault_IRQHandler
                0x00000458                RCM_IRQHandler
                0x00000458                DMA3_IRQHandler
                0x00000458                Reserved100_IRQHandler
                0x00000458                DMA0_IRQHandler
                0x00000458                Reserved91_IRQHandler
                0x00000458                CAN1_ORed_IRQHandler
                0x00000458                DMA15_IRQHandler
                0x00000458                SCG_IRQHandler
                0x00000458                PDB1_IRQHandler
                0x00000458                Reserved81_IRQHandler
                0x00000458                Reserved46_IRQHandler
                0x00000458                Reserved45_IRQHandler
                0x00000458                CAN0_Error_IRQHandler
                0x00000458                Reserved112_IRQHandler
                0x00000458                LPI2C0_Master_IRQHandler
                0x00000458                DMA4_IRQHandler
                0x00000458                FTM1_Fault_IRQHandler
                0x00000458                Reserved106_IRQHandler
                0x00000458                DMA_Error_IRQHandler
                0x00000458                LVD_LVW_IRQHandler
                0x00000458                LPIT0_Ch2_IRQHandler
                0x00000458                PORTA_IRQHandler
                0x00000458                MCM_IRQHandler
                0x00000458                LPSPI2_IRQHandler
                0x00000458                DMA12_IRQHandler
                0x00000458                FTM3_Ch4_Ch5_IRQHandler
                0x00000458                CAN0_ORed_0_15_MB_IRQHandler
                0x00000458                PORTE_IRQHandler
                0x00000458                LPUART0_RxTx_IRQHandler
                0x00000458                LPTMR0_IRQHandler
                0x00000458                BusFault_Handler
                0x00000458                Reserved87_IRQHandler
                0x00000458                FTM1_Ovf_Reload_IRQHandler
                0x00000458                DMA8_IRQHandler
                0x00000458                Reserved93_IRQHandler
                0x00000458                DMA10_IRQHandler
                0x00000458                CAN0_Wake_Up_IRQHandler
                0x00000458                CMP0_IRQHandler
                0x00000458                Reserved52_IRQHandler
                0x00000458                PORTC_IRQHandler
                0x00000458                DMA6_IRQHandler
                0x00000458                FTM1_Ch0_Ch1_IRQHandler
                0x00000458                FLEXIO_IRQHandler
                0x00000458                DMA1_IRQHandler
                0x00000458                Reserved113_IRQHandler
 *(.text*)
 .text.SystemInit
                0x0000045c       0x3c ./SDK/platform/devices/S32K144/startup/system_S32K144.o
                0x0000045c                SystemInit
 .text.init_data_bss
                0x00000498       0xd8 ./SDK/platform/devices/startup.o
                0x00000498                init_data_bss
 .text.ADC_DRV_InitConverterStruct
                0x00000570       0x1c ./SDK/platform/drivers/src/adc/adc_driver.o
                0x00000570                ADC_DRV_InitConverterStruct
 .text.ADC_DRV_ConfigConverter
                0x0000058c      0x188 ./SDK/platform/drivers/src/adc/adc_driver.o
                0x0000058c                ADC_DRV_ConfigConverter
 .text.ADC_DRV_ConfigChan
                0x00000714       0x58 ./SDK/platform/drivers/src/adc/adc_driver.o
                0x00000714                ADC_DRV_ConfigChan
 .text.ADC_DRV_SetSwPretrigger
                0x0000076c       0x44 ./SDK/platform/drivers/src/adc/adc_driver.o
                0x0000076c                ADC_DRV_SetSwPretrigger
 .text.ADC_DRV_Reset
                0x000007b0       0x98 ./SDK/platform/drivers/src/adc/adc_driver.o
                0x000007b0                ADC_DRV_Reset
 .text.ADC_DRV_GetChanResult
                0x00000848       0x18 ./SDK/platform/drivers/src/adc/adc_driver.o
                0x00000848                ADC_DRV_GetChanResult
 .text.ADC_DRV_AutoCalibration
                0x00000860      0x158 ./SDK/platform/drivers/src/adc/adc_driver.o
                0x00000860                ADC_DRV_AutoCalibration
 .text.ADC_DRV_GetInterruptNumber
                0x000009b8        0xc ./SDK/platform/drivers/src/adc/adc_driver.o
                0x000009b8                ADC_DRV_GetInterruptNumber
 .text.CLOCK_SYS_GetCurrentRunMode
                0x000009c4       0x24 ./SDK/platform/drivers/src/clock/S32K1xx/clock_S32K1xx.o
 .text.CLOCK_SYS_GetSysOscFreq
                0x000009e8       0x1c ./SDK/platform/drivers/src/clock/S32K1xx/clock_S32K1xx.o
 .text.CLOCK_SYS_ConfigureSOSC
                0x00000a04      0x12c ./SDK/platform/drivers/src/clock/S32K1xx/clock_S32K1xx.o
 .text.CLOCK_SYS_GetSircFreq
                0x00000b30       0x2c ./SDK/platform/drivers/src/clock/S32K1xx/clock_S32K1xx.o
 .text.CLOCK_SYS_ConfigureSIRC
                0x00000b5c       0xc4 ./SDK/platform/drivers/src/clock/S32K1xx/clock_S32K1xx.o
 .text.CLOCK_SYS_GetFircFreq
                0x00000c20       0x20 ./SDK/platform/drivers/src/clock/S32K1xx/clock_S32K1xx.o
 .text.CLOCK_SYS_ConfigureFIRC
                0x00000c40       0xb4 ./SDK/platform/drivers/src/clock/S32K1xx/clock_S32K1xx.o
 .text.CLOCK_SYS_GetSysPllFreq
                0x00000cf4       0x44 ./SDK/platform/drivers/src/clock/S32K1xx/clock_S32K1xx.o
 .text.CLOCK_SYS_ConfigureSPLL
                0x00000d38      0x104 ./SDK/platform/drivers/src/clock/S32K1xx/clock_S32K1xx.o
 .text.CLOCK_SYS_SetSystemClockConfig
                0x00000e3c      0x1e4 ./SDK/platform/drivers/src/clock/S32K1xx/clock_S32K1xx.o
 .text.CLOCK_SYS_TransitionSystemClock
                0x00001020       0x3c ./SDK/platform/drivers/src/clock/S32K1xx/clock_S32K1xx.o
 .text.CLOCK_SYS_GetSystemClockFreq
                0x0000105c       0x78 ./SDK/platform/drivers/src/clock/S32K1xx/clock_S32K1xx.o
 .text.CLOCK_SYS_GetScgClkOutFreq
                0x000010d4       0x48 ./SDK/platform/drivers/src/clock/S32K1xx/clock_S32K1xx.o
 .text.CLOCK_SYS_GetSysAsyncFreq
                0x0000111c       0xdc ./SDK/platform/drivers/src/clock/S32K1xx/clock_S32K1xx.o
 .text.CLOCK_SYS_GetSimRtcClkFreq
                0x000011f8       0x50 ./SDK/platform/drivers/src/clock/S32K1xx/clock_S32K1xx.o
 .text.CLOCK_SYS_GetLpoFreq
                0x00001248       0x4c ./SDK/platform/drivers/src/clock/S32K1xx/clock_S32K1xx.o
 .text.CLOCK_SYS_GetSimClkOutFreq
                0x00001294       0xac ./SDK/platform/drivers/src/clock/S32K1xx/clock_S32K1xx.o
 .text.CLOCK_SYS_GetSimClockFreq
                0x00001340      0x1a8 ./SDK/platform/drivers/src/clock/S32K1xx/clock_S32K1xx.o
 .text.CLOCK_SYS_GetPeripheralClock
                0x000014e8       0xcc ./SDK/platform/drivers/src/clock/S32K1xx/clock_S32K1xx.o
 .text.CLOCK_DRV_Init
                0x000015b4      0x618 ./SDK/platform/drivers/src/clock/S32K1xx/clock_S32K1xx.o
                0x000015b4                CLOCK_DRV_Init
 .text.CLOCK_DRV_GetFreq
                0x00001bcc      0x230 ./SDK/platform/drivers/src/clock/S32K1xx/clock_S32K1xx.o
                0x00001bcc                CLOCK_DRV_GetFreq
 .text.CLOCK_SYS_GetFreq
                0x00001dfc        0x8 ./SDK/platform/drivers/src/clock/S32K1xx/clock_S32K1xx.o
                0x00001dfc                CLOCK_SYS_GetFreq
 .text.FTM_DRV_SetSync
                0x00001e04      0x1bc ./SDK/platform/drivers/src/ftm/ftm_common.o
                0x00001e04                FTM_DRV_SetSync
 .text.FTM_DRV_GetFrequency
                0x00001fc0       0x64 ./SDK/platform/drivers/src/ftm/ftm_common.o
                0x00001fc0                FTM_DRV_GetFrequency
 .text.FTM_DRV_Init
                0x00002024       0xe0 ./SDK/platform/drivers/src/ftm/ftm_common.o
                0x00002024                FTM_DRV_Init
 .text.FTM_DRV_ConvertFreqToPeriodTicks
                0x00002104       0x14 ./SDK/platform/drivers/src/ftm/ftm_common.o
                0x00002104                FTM_DRV_ConvertFreqToPeriodTicks
 .text.FTM_DRV_InitModule
                0x00002118       0x18 ./SDK/platform/drivers/src/ftm/ftm_hw_access.o
                0x00002118                FTM_DRV_InitModule
 .text.FTM_DRV_Reset
                0x00002130       0x66 ./SDK/platform/drivers/src/ftm/ftm_hw_access.o
                0x00002130                FTM_DRV_Reset
 .text.FTM_DRV_SetChnTriggerCmd
                0x00002196       0x32 ./SDK/platform/drivers/src/ftm/ftm_hw_access.o
                0x00002196                FTM_DRV_SetChnTriggerCmd
 .text.FTM_DRV_UpdatePwmChannel
                0x000021c8      0x10c ./SDK/platform/drivers/src/ftm/ftm_pwm_driver.o
                0x000021c8                FTM_DRV_UpdatePwmChannel
 .text.FTM_DRV_InitPwm
                0x000022d4      0x638 ./SDK/platform/drivers/src/ftm/ftm_pwm_driver.o
                0x000022d4                FTM_DRV_InitPwm
 .text.INT_SYS_EnableIRQ
                0x0000290c       0x18 ./SDK/platform/drivers/src/interrupt/interrupt_manager.o
                0x0000290c                INT_SYS_EnableIRQ
 .text.INT_SYS_DisableIRQ
                0x00002924       0x1c ./SDK/platform/drivers/src/interrupt/interrupt_manager.o
                0x00002924                INT_SYS_DisableIRQ
 .text.PDB_DRV_Init
                0x00002940       0x6c ./SDK/platform/drivers/src/pdb/pdb_driver.o
                0x00002940                PDB_DRV_Init
 .text.PDB_DRV_Enable
                0x000029ac       0x14 ./SDK/platform/drivers/src/pdb/pdb_driver.o
                0x000029ac                PDB_DRV_Enable
 .text.PDB_DRV_SoftTriggerCmd
                0x000029c0       0x14 ./SDK/platform/drivers/src/pdb/pdb_driver.o
                0x000029c0                PDB_DRV_SoftTriggerCmd
 .text.PDB_DRV_LoadValuesCmd
                0x000029d4       0x14 ./SDK/platform/drivers/src/pdb/pdb_driver.o
                0x000029d4                PDB_DRV_LoadValuesCmd
 .text.PDB_DRV_ConfigAdcPreTrigger
                0x000029e8       0x44 ./SDK/platform/drivers/src/pdb/pdb_driver.o
                0x000029e8                PDB_DRV_ConfigAdcPreTrigger
 .text.PDB_DRV_SetAdcPreTriggerDelayValue
                0x00002a2c       0x24 ./SDK/platform/drivers/src/pdb/pdb_driver.o
                0x00002a2c                PDB_DRV_SetAdcPreTriggerDelayValue
 .text.PDB_Init
                0x00002a50       0x58 ./SDK/platform/drivers/src/pdb/pdb_hw_access.o
                0x00002a50                PDB_Init
 .text.PDB_ConfigTimer
                0x00002aa8       0x5c ./SDK/platform/drivers/src/pdb/pdb_hw_access.o
                0x00002aa8                PDB_ConfigTimer
 .text.PDB_SetAdcPreTriggerBackToBackEnable
                0x00002b04       0x32 ./SDK/platform/drivers/src/pdb/pdb_hw_access.o
                0x00002b04                PDB_SetAdcPreTriggerBackToBackEnable
 .text.PDB_SetAdcPreTriggerOutputEnable
                0x00002b36       0x2e ./SDK/platform/drivers/src/pdb/pdb_hw_access.o
                0x00002b36                PDB_SetAdcPreTriggerOutputEnable
 .text.PDB_SetAdcPreTriggerEnable
                0x00002b64       0x2a ./SDK/platform/drivers/src/pdb/pdb_hw_access.o
                0x00002b64                PDB_SetAdcPreTriggerEnable
 .text.PINS_DRV_Init
                0x00002b8e       0x20 ./SDK/platform/drivers/src/pins/pins_driver.o
                0x00002b8e                PINS_DRV_Init
 *fill*         0x00002bae        0x2 
 .text.PINS_GetAdcInterleaveVal
                0x00002bb0       0x6c ./SDK/platform/drivers/src/pins/pins_port_hw_access.o
 .text.PINS_Init
                0x00002c1c      0x114 ./SDK/platform/drivers/src/pins/pins_port_hw_access.o
                0x00002c1c                PINS_Init
 .text.TRGMUX_DRV_SetTrigSourceForTargetModule
                0x00002d30       0x28 ./SDK/platform/drivers/src/trgmux/trgmux_driver.o
                0x00002d30                TRGMUX_DRV_SetTrigSourceForTargetModule
 .text.TRGMUX_SetTrigSourceForTargetModule
                0x00002d58       0x26 ./SDK/platform/drivers/src/trgmux/trgmux_hw_access.o
                0x00002d58                TRGMUX_SetTrigSourceForTargetModule
 .text.TRGMUX_GetLockForTargetModule
                0x00002d7e        0xa ./SDK/platform/drivers/src/trgmux/trgmux_hw_access.o
                0x00002d7e                TRGMUX_GetLockForTargetModule
 .text.ADC0_IRQHandler
                0x00002d88        0xa ./SDK/platform/pal/src/adc/adc_irq.o
                0x00002d88                ADC0_IRQHandler
 .text.ADC1_IRQHandler
                0x00002d92        0xa ./SDK/platform/pal/src/adc/adc_irq.o
                0x00002d92                ADC1_IRQHandler
 .text.ADC_PalStateUpdateStart
                0x00002d9c       0x64 ./SDK/platform/pal/src/adc/adc_pal.o
 .text.ADC_ConfigGroup
                0x00002e00      0x1a4 ./SDK/platform/pal/src/adc/adc_pal.o
 .text.ADC_Init
                0x00002fa4       0x9c ./SDK/platform/pal/src/adc/adc_pal.o
                0x00002fa4                ADC_Init
 .text.ADC_StartGroupConversion
                0x00003040       0x50 ./SDK/platform/pal/src/adc/adc_pal.o
                0x00003040                ADC_StartGroupConversion
 .text.ADC_S32K1xx_IrqHandler
                0x00003090       0xd0 ./SDK/platform/pal/src/adc/adc_pal.o
                0x00003090                ADC_S32K1xx_IrqHandler
 .text.PWM_Init
                0x00003160      0x250 ./SDK/platform/pal/src/pwm/pwm_pal.o
                0x00003160                PWM_Init
 .text.PWM_UpdateDuty
                0x000033b0       0x40 ./SDK/platform/pal/src/pwm/pwm_pal.o
                0x000033b0                PWM_UpdateDuty
 .text.SysTick_Handler
                0x000033f0       0x10 ./SDK/rtos/osif/osif_baremetal.o
                0x000033f0                SysTick_Handler
 .text.main     0x00003400       0x6c ./src/main.o
                0x00003400                main
 *(.rodata)
 *(.rodata*)
 .rodata.adcIrqId.7375
                0x0000346c        0x2 ./SDK/platform/drivers/src/adc/adc_driver.o
 *fill*         0x0000346e        0x2 
 .rodata.s_adcBase
                0x00003470        0x8 ./SDK/platform/drivers/src/adc/adc_driver.o
 .rodata.clockNameMappings
                0x00003478       0x9e ./SDK/platform/drivers/src/clock/S32K1xx/clock_S32K1xx.o
                0x00003478                clockNameMappings
 *fill*         0x00003516        0x2 
 .rodata.maxSysClksInHSRUN.7627
                0x00003518       0x54 ./SDK/platform/drivers/src/clock/S32K1xx/clock_S32K1xx.o
 .rodata.maxSysClksInRUN.7626
                0x0000356c       0x54 ./SDK/platform/drivers/src/clock/S32K1xx/clock_S32K1xx.o
 .rodata.maxSysClksInVLPR.7625
                0x000035c0       0x54 ./SDK/platform/drivers/src/clock/S32K1xx/clock_S32K1xx.o
 .rodata.peripheralFeaturesList
                0x00003614       0x4f ./SDK/platform/drivers/src/clock/S32K1xx/clock_S32K1xx.o
                0x00003614                peripheralFeaturesList
 *fill*         0x00003663        0x1 
 .rodata.g_ftmBase
                0x00003664       0x10 ./SDK/platform/drivers/src/ftm/ftm_common.o
                0x00003664                g_ftmBase
 .rodata.g_ftmExtClockSel
                0x00003674        0x4 ./SDK/platform/drivers/src/ftm/ftm_common.o
 .rodata.g_ftmOverflowIrqId
                0x00003678        0x4 ./SDK/platform/drivers/src/ftm/ftm_common.o
                0x00003678                g_ftmOverflowIrqId
 .rodata.s_pdbBase
                0x0000367c        0x8 ./SDK/platform/drivers/src/pdb/pdb_driver.o
 .rodata.s_pdbClkNames.7040
                0x00003684        0x2 ./SDK/platform/drivers/src/pdb/pdb_driver.o
 *fill*         0x00003686        0x2 
 .rodata.s_pdbIrqId
                0x00003688        0x2 ./SDK/platform/drivers/src/pdb/pdb_driver.o
 *fill*         0x0000368a        0x2 
 .rodata.adcPalTrgmuxTarget
                0x0000368c        0x2 ./SDK/platform/pal/src/adc/adc_pal.o
 *fill*         0x0000368e        0x2 
 .rodata.adc_pal_1_config
                0x00003690        0xc ./board/peripherals_adc_pal_1.o
                0x00003690                adc_pal_1_config
 .rodata.adc_pal_1_groupArray
                0x0000369c       0x20 ./board/peripherals_adc_pal_1.o
                0x0000369c                adc_pal_1_groupArray
 .rodata.adc_pal_1_instance
                0x000036bc        0x8 ./board/peripherals_adc_pal_1.o
                0x000036bc                adc_pal_1_instance
 *(.init)
 .init          0x000036c4        0x4 c:/nxp/s32ds.3.5/s32ds/build_tools/gcc_b1620/gcc-6.3-arm32-eabi/bin/../lib/gcc/arm-none-eabi/6.3.1/thumb/v7e-m/fpv4-sp/hard/crti.o
                0x000036c4                _init
 *(.fini)
 .fini          0x000036c8        0x4 c:/nxp/s32ds.3.5/s32ds/build_tools/gcc_b1620/gcc-6.3-arm32-eabi/bin/../lib/gcc/arm-none-eabi/6.3.1/thumb/v7e-m/fpv4-sp/hard/crti.o
                0x000036c8                _fini
 *(.eh_frame)
                0x000036cc                . = ALIGN (0x4)

.glue_7         0x000036cc        0x0
 .glue_7        0x000036cc        0x0 linker stubs

.glue_7t        0x000036cc        0x0
 .glue_7t       0x000036cc        0x0 linker stubs

.vfp11_veneer   0x000036cc        0x0
 .vfp11_veneer  0x000036cc        0x0 linker stubs

.v4_bx          0x000036cc        0x0
 .v4_bx         0x000036cc        0x0 linker stubs

.iplt           0x000036cc        0x0
 .iplt          0x000036cc        0x0 ./Project_Settings/Startup_Code/startup_S32K144.o

.rel.dyn        0x000036cc        0x0
 .rel.iplt      0x000036cc        0x0 ./Project_Settings/Startup_Code/startup_S32K144.o

.ARM            0x000036cc        0x0
                0x000036cc                __exidx_start = .
 *(.ARM.exidx*)
                0x000036cc                __exidx_end = .
                0x000036cc                __etext = .
                0x000036cc                __DATA_ROM = .

.interrupts_ram
                0x1fff8000      0x400
                0x1fff8000                . = ALIGN (0x4)
                0x1fff8000                __VECTOR_RAM__ = .
                0x1fff8000                __RAM_START = .
                0x1fff8000                __interrupts_ram_start__ = .
 *(.m_interrupts_ram)
                0x1fff8400                . = (. + M_VECTOR_RAM_SIZE)
 *fill*         0x1fff8000      0x400 
                0x1fff8400                . = ALIGN (0x4)
                0x1fff8400                __interrupts_ram_end__ = .
                0x1fff8000                __VECTOR_RAM = DEFINED (__flash_vector_table__)?ORIGIN (m_interrupts):__VECTOR_RAM__
                0x00000400                __RAM_VECTOR_TABLE_SIZE = DEFINED (__flash_vector_table__)?0x0:(__interrupts_ram_end__ - __interrupts_ram_start__)

.data           0x1fff8400      0x240 load address 0x000036cc
                0x1fff8400                . = ALIGN (0x4)
                0x1fff8400                __DATA_RAM = .
                0x1fff8400                __data_start__ = .
 *(.data)
 *(.data*)
 .data.peripheralClockConfig.7374
                0x1fff8400       0xa0 ./SDK/platform/drivers/src/clock/S32K1xx/clock_S32K1xx.o
 .data.clockMan1_InitConfig0
                0x1fff84a0       0x88 ./board/clock_config.o
                0x1fff84a0                clockMan1_InitConfig0
 .data.peripheralClockConfig0
                0x1fff8528       0xa0 ./board/clock_config.o
                0x1fff8528                peripheralClockConfig0
 .data.adc_pal_1_channelsArray0
                0x1fff85c8        0x2 ./board/peripherals_adc_pal_1.o
                0x1fff85c8                adc_pal_1_channelsArray0
 *fill*         0x1fff85ca        0x2 
 .data.adc_pal_1_extensionConfig
                0x1fff85cc        0x6 ./board/peripherals_adc_pal_1.o
 *fill*         0x1fff85d2        0x2 
 .data.pwm_pal_1_channels
                0x1fff85d4       0x18 ./board/peripherals_pwm_pal_1.o
                0x1fff85d4                pwm_pal_1_channels
 .data.pwm_pal_1_configs
                0x1fff85ec        0x8 ./board/peripherals_pwm_pal_1.o
                0x1fff85ec                pwm_pal_1_configs
 .data.pwm_pal_1_timebase0
                0x1fff85f4        0x3 ./board/peripherals_pwm_pal_1.o
                0x1fff85f4                pwm_pal_1_timebase0
 *fill*         0x1fff85f7        0x1 
 .data.g_pin_mux_InitConfigArr0
                0x1fff85f8       0x48 ./board/pin_mux.o
                0x1fff85f8                g_pin_mux_InitConfigArr0
                0x1fff8640                . = ALIGN (0x4)
                0x1fff8640                __data_end__ = .
                0x0000390c                __DATA_END = (__DATA_ROM + (__data_end__ - __data_start__))
                0x0000390c                __CODE_ROM = __DATA_END

.igot.plt       0x1fff8640        0x0 load address 0x0000390c
 .igot.plt      0x1fff8640        0x0 ./Project_Settings/Startup_Code/startup_S32K144.o

.code           0x1fff8640        0x0 load address 0x0000390c
                0x1fff8640                . = ALIGN (0x4)
                0x1fff8640                __CODE_RAM = .
                0x1fff8640                __code_start__ = .
                0x1fff8640                __code_ram_start__ = .
 *(.code_ram)
                0x1fff8640                . = ALIGN (0x4)
                0x1fff8640                __code_end__ = .
                0x1fff8640                __code_ram_end__ = .
                0x0000390c                __CODE_END = (__CODE_ROM + (__code_end__ - __code_start__))
                0x0000390c                __CUSTOM_ROM = __CODE_END

.customSectionBlock
                0x20000000        0x0 load address 0x0000390c
                0x20000000                __customSection_start__ = .
 *(.customSection)
                0x20000000                __customSection_end__ = .
                0x0000390c                __CUSTOM_END = (__CUSTOM_ROM + (__customSection_end__ - __customSection_start__))
                0x0000390c                __rom_end = __CUSTOM_END

.bss            0x20000000       0xf8
                0x20000000                . = ALIGN (0x4)
                0x20000000                __BSS_START = .
                0x20000000                __bss_start__ = .
 *(.bss)
 *(.bss*)
 .bss.g_RtcClkInFreq
                0x20000000        0x4 ./SDK/platform/drivers/src/clock/S32K1xx/clock_S32K1xx.o
                0x20000000                g_RtcClkInFreq
 .bss.g_TClkFreq
                0x20000004        0xc ./SDK/platform/drivers/src/clock/S32K1xx/clock_S32K1xx.o
                0x20000004                g_TClkFreq
 .bss.g_xtal0ClkFreq
                0x20000010        0x4 ./SDK/platform/drivers/src/clock/S32K1xx/clock_S32K1xx.o
                0x20000010                g_xtal0ClkFreq
 .bss.ftmStatePtr
                0x20000014       0x10 ./SDK/platform/drivers/src/ftm/ftm_common.o
                0x20000014                ftmStatePtr
 .bss.adcPalState
                0x20000024       0x38 ./SDK/platform/pal/src/adc/adc_pal.o
 .bss.FtmState  0x2000005c       0x64 ./SDK/platform/pal/src/pwm/pwm_pal.o
 .bss.FtmStateInstanceMapping
                0x200000c0        0x4 ./SDK/platform/pal/src/pwm/pwm_pal.o
 .bss.FtmStateIsAllocated
                0x200000c4        0x1 ./SDK/platform/pal/src/pwm/pwm_pal.o
 *fill*         0x200000c5        0x3 
 .bss.pwmPalCombChnFlag
                0x200000c8       0x20 ./SDK/platform/pal/src/pwm/pwm_pal.o
 .bss.s_osif_tick_cnt
                0x200000e8        0x4 ./SDK/rtos/osif/osif_baremetal.o
 .bss.adc_pal_1_results0
                0x200000ec        0x4 ./board/peripherals_adc_pal_1.o
                0x200000ec                adc_pal_1_results0
 .bss.pwm_pal_1_instance
                0x200000f0        0x8 ./board/peripherals_pwm_pal_1.o
                0x200000f0                pwm_pal_1_instance
 *(COMMON)
                0x200000f8                . = ALIGN (0x4)
                0x200000f8                __bss_end__ = .
                0x200000f8                __BSS_END = .

.heap           0x200000f8      0x400
                0x200000f8                . = ALIGN (0x8)
                0x200000f8                __end__ = .
                0x200000f8                __heap_start__ = .
                [!provide]                PROVIDE (end = .)
                [!provide]                PROVIDE (_end = .)
                [!provide]                PROVIDE (__end = .)
                0x200000f8                __HeapBase = .
                0x200004f8                . = (. + HEAP_SIZE)
 *fill*         0x200000f8      0x400 
                0x200004f8                __HeapLimit = .
                0x200004f8                __heap_limit = .
                0x200004f8                __heap_end__ = .
                0x20007000                __StackTop = (ORIGIN (m_data_2) + LENGTH (m_data_2))
                0x20006c00                __StackLimit = (__StackTop - STACK_SIZE)
                0x20007000                PROVIDE (__stack = __StackTop)
                0x20007000                __RAM_END = __StackTop

.stack          0x20006c00      0x400
                0x20006c00                . = ALIGN (0x8)
                0x20006c00                __stack_start__ = .
                0x20007000                . = (. + STACK_SIZE)
 *fill*         0x20006c00      0x400 
                0x20007000                __stack_end__ = .

.ARM.attributes
                0x00000000       0x30
 *(.ARM.attributes)
 .ARM.attributes
                0x00000000       0x22 c:/nxp/s32ds.3.5/s32ds/build_tools/gcc_b1620/gcc-6.3-arm32-eabi/bin/../lib/gcc/arm-none-eabi/6.3.1/thumb/v7e-m/fpv4-sp/hard/crti.o
 .ARM.attributes
                0x00000022       0x1f ./Project_Settings/Startup_Code/startup_S32K144.o
 .ARM.attributes
                0x00000041       0x39 ./SDK/platform/devices/S32K144/startup/system_S32K144.o
 .ARM.attributes
                0x0000007a       0x39 ./SDK/platform/devices/startup.o
 .ARM.attributes
                0x000000b3       0x39 ./SDK/platform/drivers/src/adc/adc_driver.o
 .ARM.attributes
                0x000000ec       0x39 ./SDK/platform/drivers/src/clock/S32K1xx/clock_S32K1xx.o
 .ARM.attributes
                0x00000125       0x39 ./SDK/platform/drivers/src/ftm/ftm_common.o
 .ARM.attributes
                0x0000015e       0x39 ./SDK/platform/drivers/src/ftm/ftm_hw_access.o
 .ARM.attributes
                0x00000197       0x39 ./SDK/platform/drivers/src/ftm/ftm_pwm_driver.o
 .ARM.attributes
                0x000001d0       0x39 ./SDK/platform/drivers/src/interrupt/interrupt_manager.o
 .ARM.attributes
                0x00000209       0x39 ./SDK/platform/drivers/src/pdb/pdb_driver.o
 .ARM.attributes
                0x00000242       0x39 ./SDK/platform/drivers/src/pdb/pdb_hw_access.o
 .ARM.attributes
                0x0000027b       0x39 ./SDK/platform/drivers/src/pins/pins_driver.o
 .ARM.attributes
                0x000002b4       0x39 ./SDK/platform/drivers/src/pins/pins_port_hw_access.o
 .ARM.attributes
                0x000002ed       0x39 ./SDK/platform/drivers/src/trgmux/trgmux_driver.o
 .ARM.attributes
                0x00000326       0x39 ./SDK/platform/drivers/src/trgmux/trgmux_hw_access.o
 .ARM.attributes
                0x0000035f       0x39 ./SDK/platform/pal/src/adc/adc_irq.o
 .ARM.attributes
                0x00000398       0x39 ./SDK/platform/pal/src/adc/adc_pal.o
 .ARM.attributes
                0x000003d1       0x39 ./SDK/platform/pal/src/pwm/pwm_pal.o
 .ARM.attributes
                0x0000040a       0x39 ./SDK/rtos/osif/osif_baremetal.o
 .ARM.attributes
                0x00000443       0x39 ./board/clock_config.o
 .ARM.attributes
                0x0000047c       0x39 ./board/peripherals_adc_pal_1.o
 .ARM.attributes
                0x000004b5       0x39 ./board/peripherals_pwm_pal_1.o
 .ARM.attributes
                0x000004ee       0x39 ./board/pin_mux.o
 .ARM.attributes
                0x00000527       0x39 ./src/main.o
                0x00000001                ASSERT ((__rom_end <= (ORIGIN (m_text) + LENGTH (m_text))), Region m_text overflowed!)
                0x00000001                ASSERT ((__StackLimit >= __HeapLimit), region m_data_2 overflowed with stack and heap)
OUTPUT(adc_ex_led.elf elf32-littlearm)

.debug_line     0x00000000     0x603c
 .debug_line    0x00000000       0x82 ./Project_Settings/Startup_Code/startup_S32K144.o
 .debug_line    0x00000082      0x24a ./SDK/platform/devices/S32K144/startup/system_S32K144.o
 .debug_line    0x000002cc      0x16f ./SDK/platform/devices/startup.o
 .debug_line    0x0000043b      0x74a ./SDK/platform/drivers/src/adc/adc_driver.o
 .debug_line    0x00000b85     0x1153 ./SDK/platform/drivers/src/clock/S32K1xx/clock_S32K1xx.o
 .debug_line    0x00001cd8      0x72c ./SDK/platform/drivers/src/ftm/ftm_common.o
 .debug_line    0x00002404      0x2f8 ./SDK/platform/drivers/src/ftm/ftm_hw_access.o
 .debug_line    0x000026fc      0x767 ./SDK/platform/drivers/src/ftm/ftm_pwm_driver.o
 .debug_line    0x00002e63      0x316 ./SDK/platform/drivers/src/interrupt/interrupt_manager.o
 .debug_line    0x00003179      0x4ac ./SDK/platform/drivers/src/pdb/pdb_driver.o
 .debug_line    0x00003625      0x327 ./SDK/platform/drivers/src/pdb/pdb_hw_access.o
 .debug_line    0x0000394c      0x47b ./SDK/platform/drivers/src/pins/pins_driver.o
 .debug_line    0x00003dc7      0x2b9 ./SDK/platform/drivers/src/pins/pins_port_hw_access.o
 .debug_line    0x00004080      0x2c5 ./SDK/platform/drivers/src/trgmux/trgmux_driver.o
 .debug_line    0x00004345      0x296 ./SDK/platform/drivers/src/trgmux/trgmux_hw_access.o
 .debug_line    0x000045db      0x1bb ./SDK/platform/pal/src/adc/adc_irq.o
 .debug_line    0x00004796      0x5b1 ./SDK/platform/pal/src/adc/adc_pal.o
 .debug_line    0x00004d47      0x348 ./SDK/platform/pal/src/pwm/pwm_pal.o
 .debug_line    0x0000508f      0x3ac ./SDK/rtos/osif/osif_baremetal.o
 .debug_line    0x0000543b      0x203 ./board/clock_config.o
 .debug_line    0x0000563e      0x2cc ./board/peripherals_adc_pal_1.o
 .debug_line    0x0000590a      0x231 ./board/peripherals_pwm_pal_1.o
 .debug_line    0x00005b3b      0x198 ./board/pin_mux.o
 .debug_line    0x00005cd3      0x369 ./src/main.o

.debug_info     0x00000000    0x1dfaa
 .debug_info    0x00000000       0x26 ./Project_Settings/Startup_Code/startup_S32K144.o
 .debug_info    0x00000026      0x521 ./SDK/platform/devices/S32K144/startup/system_S32K144.o
 .debug_info    0x00000547      0x2ad ./SDK/platform/devices/startup.o
 .debug_info    0x000007f4     0x2eca ./SDK/platform/drivers/src/adc/adc_driver.o
 .debug_info    0x000036be     0x5c5e ./SDK/platform/drivers/src/clock/S32K1xx/clock_S32K1xx.o
 .debug_info    0x0000931c     0x2c2e ./SDK/platform/drivers/src/ftm/ftm_common.o
 .debug_info    0x0000bf4a      0x986 ./SDK/platform/drivers/src/ftm/ftm_hw_access.o
 .debug_info    0x0000c8d0     0x2b31 ./SDK/platform/drivers/src/ftm/ftm_pwm_driver.o
 .debug_info    0x0000f401      0x997 ./SDK/platform/drivers/src/interrupt/interrupt_manager.o
 .debug_info    0x0000fd98     0x18b4 ./SDK/platform/drivers/src/pdb/pdb_driver.o
 .debug_info    0x0001164c      0x754 ./SDK/platform/drivers/src/pdb/pdb_hw_access.o
 .debug_info    0x00011da0     0x13d5 ./SDK/platform/drivers/src/pins/pins_driver.o
 .debug_info    0x00013175      0x8a8 ./SDK/platform/drivers/src/pins/pins_port_hw_access.o
 .debug_info    0x00013a1d      0xb79 ./SDK/platform/drivers/src/trgmux/trgmux_driver.o
 .debug_info    0x00014596      0x81c ./SDK/platform/drivers/src/trgmux/trgmux_hw_access.o
 .debug_info    0x00014db2      0x151 ./SDK/platform/pal/src/adc/adc_irq.o
 .debug_info    0x00014f03     0x2317 ./SDK/platform/pal/src/adc/adc_pal.o
 .debug_info    0x0001721a     0x15b0 ./SDK/platform/pal/src/pwm/pwm_pal.o
 .debug_info    0x000187ca      0xac5 ./SDK/rtos/osif/osif_baremetal.o
 .debug_info    0x0001928f     0x12b5 ./board/clock_config.o
 .debug_info    0x0001a544      0x913 ./board/peripherals_adc_pal_1.o
 .debug_info    0x0001ae57      0x9f3 ./board/peripherals_pwm_pal_1.o
 .debug_info    0x0001b84a      0x405 ./board/pin_mux.o
 .debug_info    0x0001bc4f     0x235b ./src/main.o

.debug_abbrev   0x00000000     0x3068
 .debug_abbrev  0x00000000       0x14 ./Project_Settings/Startup_Code/startup_S32K144.o
 .debug_abbrev  0x00000014      0x140 ./SDK/platform/devices/S32K144/startup/system_S32K144.o
 .debug_abbrev  0x00000154       0xe0 ./SDK/platform/devices/startup.o
 .debug_abbrev  0x00000234      0x397 ./SDK/platform/drivers/src/adc/adc_driver.o
 .debug_abbrev  0x000005cb      0x3ec ./SDK/platform/drivers/src/clock/S32K1xx/clock_S32K1xx.o
 .debug_abbrev  0x000009b7      0x360 ./SDK/platform/drivers/src/ftm/ftm_common.o
 .debug_abbrev  0x00000d17      0x1b8 ./SDK/platform/drivers/src/ftm/ftm_hw_access.o
 .debug_abbrev  0x00000ecf      0x2ef ./SDK/platform/drivers/src/ftm/ftm_pwm_driver.o
 .debug_abbrev  0x000011be      0x1f4 ./SDK/platform/drivers/src/interrupt/interrupt_manager.o
 .debug_abbrev  0x000013b2      0x35a ./SDK/platform/drivers/src/pdb/pdb_driver.o
 .debug_abbrev  0x0000170c      0x231 ./SDK/platform/drivers/src/pdb/pdb_hw_access.o
 .debug_abbrev  0x0000193d      0x2db ./SDK/platform/drivers/src/pins/pins_driver.o
 .debug_abbrev  0x00001c18      0x1f5 ./SDK/platform/drivers/src/pins/pins_port_hw_access.o
 .debug_abbrev  0x00001e0d      0x19c ./SDK/platform/drivers/src/trgmux/trgmux_driver.o
 .debug_abbrev  0x00001fa9      0x19d ./SDK/platform/drivers/src/trgmux/trgmux_hw_access.o
 .debug_abbrev  0x00002146       0xa3 ./SDK/platform/pal/src/adc/adc_irq.o
 .debug_abbrev  0x000021e9      0x34e ./SDK/platform/pal/src/adc/adc_pal.o
 .debug_abbrev  0x00002537      0x2a0 ./SDK/platform/pal/src/pwm/pwm_pal.o
 .debug_abbrev  0x000027d7      0x2c6 ./SDK/rtos/osif/osif_baremetal.o
 .debug_abbrev  0x00002a9d      0x122 ./board/clock_config.o
 .debug_abbrev  0x00002bbf       0xf6 ./board/peripherals_adc_pal_1.o
 .debug_abbrev  0x00002cb5      0x126 ./board/peripherals_pwm_pal_1.o
 .debug_abbrev  0x00002ddb       0xca ./board/pin_mux.o
 .debug_abbrev  0x00002ea5      0x1c3 ./src/main.o

.debug_aranges  0x00000000      0x8d0
 .debug_aranges
                0x00000000       0x20 ./Project_Settings/Startup_Code/startup_S32K144.o
 .debug_aranges
                0x00000020       0x30 ./SDK/platform/devices/S32K144/startup/system_S32K144.o
 .debug_aranges
                0x00000050       0x20 ./SDK/platform/devices/startup.o
 .debug_aranges
                0x00000070       0xe0 ./SDK/platform/drivers/src/adc/adc_driver.o
 .debug_aranges
                0x00000150      0x128 ./SDK/platform/drivers/src/clock/S32K1xx/clock_S32K1xx.o
 .debug_aranges
                0x00000278       0xc8 ./SDK/platform/drivers/src/ftm/ftm_common.o
 .debug_aranges
                0x00000340       0x38 ./SDK/platform/drivers/src/ftm/ftm_hw_access.o
 .debug_aranges
                0x00000378       0x50 ./SDK/platform/drivers/src/ftm/ftm_pwm_driver.o
 .debug_aranges
                0x000003c8       0x70 ./SDK/platform/drivers/src/interrupt/interrupt_manager.o
 .debug_aranges
                0x00000438       0xc0 ./SDK/platform/drivers/src/pdb/pdb_driver.o
 .debug_aranges
                0x000004f8       0x58 ./SDK/platform/drivers/src/pdb/pdb_hw_access.o
 .debug_aranges
                0x00000550       0xe0 ./SDK/platform/drivers/src/pins/pins_driver.o
 .debug_aranges
                0x00000630       0x40 ./SDK/platform/drivers/src/pins/pins_port_hw_access.o
 .debug_aranges
                0x00000670       0x50 ./SDK/platform/drivers/src/trgmux/trgmux_driver.o
 .debug_aranges
                0x000006c0       0x40 ./SDK/platform/drivers/src/trgmux/trgmux_hw_access.o
 .debug_aranges
                0x00000700       0x28 ./SDK/platform/pal/src/adc/adc_irq.o
 .debug_aranges
                0x00000728       0x78 ./SDK/platform/pal/src/adc/adc_pal.o
 .debug_aranges
                0x000007a0       0x40 ./SDK/platform/pal/src/pwm/pwm_pal.o
 .debug_aranges
                0x000007e0       0x70 ./SDK/rtos/osif/osif_baremetal.o
 .debug_aranges
                0x00000850       0x18 ./board/clock_config.o
 .debug_aranges
                0x00000868       0x18 ./board/peripherals_adc_pal_1.o
 .debug_aranges
                0x00000880       0x18 ./board/peripherals_pwm_pal_1.o
 .debug_aranges
                0x00000898       0x18 ./board/pin_mux.o
 .debug_aranges
                0x000008b0       0x20 ./src/main.o

.debug_str      0x00000000     0xa0a5
 .debug_str     0x00000000       0x6b ./Project_Settings/Startup_Code/startup_S32K144.o
 .debug_str     0x0000006b      0x3c9 ./SDK/platform/devices/S32K144/startup/system_S32K144.o
                                0x442 (size before relaxing)
 .debug_str     0x00000434      0x20c ./SDK/platform/devices/startup.o
                                0x431 (size before relaxing)
 .debug_str     0x00000640     0x22c7 ./SDK/platform/drivers/src/adc/adc_driver.o
                               0x25b1 (size before relaxing)
 .debug_str     0x00002907     0x28f3 ./SDK/platform/drivers/src/clock/S32K1xx/clock_S32K1xx.o
                               0x3994 (size before relaxing)
 .debug_str     0x000051fa     0x11b8 ./SDK/platform/drivers/src/ftm/ftm_common.o
                               0x278f (size before relaxing)
 .debug_str     0x000063b2       0xa7 ./SDK/platform/drivers/src/ftm/ftm_hw_access.o
                                0xd91 (size before relaxing)
 .debug_str     0x00006459      0x9db ./SDK/platform/drivers/src/ftm/ftm_pwm_driver.o
                               0x2071 (size before relaxing)
 .debug_str     0x00006e34      0x197 ./SDK/platform/drivers/src/interrupt/interrupt_manager.o
                                0xb87 (size before relaxing)
 .debug_str     0x00006fcb      0x895 ./SDK/platform/drivers/src/pdb/pdb_driver.o
                               0x1e3e (size before relaxing)
 .debug_str     0x00007860       0x35 ./SDK/platform/drivers/src/pdb/pdb_hw_access.o
                                0x70b (size before relaxing)
 .debug_str     0x00007895      0x967 ./SDK/platform/drivers/src/pins/pins_driver.o
                               0x144d (size before relaxing)
 .debug_str     0x000081fc      0x192 ./SDK/platform/drivers/src/pins/pins_port_hw_access.o
                                0x935 (size before relaxing)
 .debug_str     0x0000838e     0x1089 ./SDK/platform/drivers/src/trgmux/trgmux_driver.o
                               0x1c04 (size before relaxing)
 .debug_str     0x00009417       0x65 ./SDK/platform/drivers/src/trgmux/trgmux_hw_access.o
                               0x1a06 (size before relaxing)
 .debug_str     0x0000947c       0x5d ./SDK/platform/pal/src/adc/adc_irq.o
                                0x2c8 (size before relaxing)
 .debug_str     0x000094d9      0x55d ./SDK/platform/pal/src/adc/adc_pal.o
                               0x333b (size before relaxing)
 .debug_str     0x00009a36      0x2f1 ./SDK/platform/pal/src/pwm/pwm_pal.o
                               0x1f13 (size before relaxing)
 .debug_str     0x00009d27      0x1b7 ./SDK/rtos/osif/osif_baremetal.o
                               0x10e9 (size before relaxing)
 .debug_str     0x00009ede       0x71 ./board/clock_config.o
                               0x2349 (size before relaxing)
 .debug_str     0x00009f4f       0xa0 ./board/peripherals_adc_pal_1.o
                               0x14e3 (size before relaxing)
 .debug_str     0x00009fef       0x6d ./board/peripherals_pwm_pal_1.o
                                0xf10 (size before relaxing)
 .debug_str     0x0000a05c       0x2c ./board/pin_mux.o
                                0x5f9 (size before relaxing)
 .debug_str     0x0000a088       0x1d ./src/main.o
                               0x3b72 (size before relaxing)

.debug_loc      0x00000000     0xd91b
 .debug_loc     0x00000000      0x10a ./SDK/platform/devices/S32K144/startup/system_S32K144.o
 .debug_loc     0x0000010a       0xec ./SDK/platform/devices/startup.o
 .debug_loc     0x000001f6     0x140b ./SDK/platform/drivers/src/adc/adc_driver.o
 .debug_loc     0x00001601     0x4df7 ./SDK/platform/drivers/src/clock/S32K1xx/clock_S32K1xx.o
 .debug_loc     0x000063f8     0x1b47 ./SDK/platform/drivers/src/ftm/ftm_common.o
 .debug_loc     0x00007f3f      0x184 ./SDK/platform/drivers/src/ftm/ftm_hw_access.o
 .debug_loc     0x000080c3     0x1f17 ./SDK/platform/drivers/src/ftm/ftm_pwm_driver.o
 .debug_loc     0x00009fda      0x252 ./SDK/platform/drivers/src/interrupt/interrupt_manager.o
 .debug_loc     0x0000a22c      0x9b6 ./SDK/platform/drivers/src/pdb/pdb_driver.o
 .debug_loc     0x0000abe2      0x48e ./SDK/platform/drivers/src/pdb/pdb_hw_access.o
 .debug_loc     0x0000b070      0x77f ./SDK/platform/drivers/src/pins/pins_driver.o
 .debug_loc     0x0000b7ef      0x56a ./SDK/platform/drivers/src/pins/pins_port_hw_access.o
 .debug_loc     0x0000bd59      0x233 ./SDK/platform/drivers/src/trgmux/trgmux_driver.o
 .debug_loc     0x0000bf8c      0x340 ./SDK/platform/drivers/src/trgmux/trgmux_hw_access.o
 .debug_loc     0x0000c2cc      0xf76 ./SDK/platform/pal/src/adc/adc_pal.o
 .debug_loc     0x0000d242      0x428 ./SDK/platform/pal/src/pwm/pwm_pal.o
 .debug_loc     0x0000d66a      0x275 ./SDK/rtos/osif/osif_baremetal.o
 .debug_loc     0x0000d8df       0x3c ./src/main.o

.debug_ranges   0x00000000      0xf28
 .debug_ranges  0x00000000       0x20 ./SDK/platform/devices/S32K144/startup/system_S32K144.o
 .debug_ranges  0x00000020       0x10 ./SDK/platform/devices/startup.o
 .debug_ranges  0x00000030      0x170 ./SDK/platform/drivers/src/adc/adc_driver.o
 .debug_ranges  0x000001a0      0x3f0 ./SDK/platform/drivers/src/clock/S32K1xx/clock_S32K1xx.o
 .debug_ranges  0x00000590      0x148 ./SDK/platform/drivers/src/ftm/ftm_common.o
 .debug_ranges  0x000006d8       0x28 ./SDK/platform/drivers/src/ftm/ftm_hw_access.o
 .debug_ranges  0x00000700      0x2f8 ./SDK/platform/drivers/src/ftm/ftm_pwm_driver.o
 .debug_ranges  0x000009f8       0x98 ./SDK/platform/drivers/src/interrupt/interrupt_manager.o
 .debug_ranges  0x00000a90       0xb0 ./SDK/platform/drivers/src/pdb/pdb_driver.o
 .debug_ranges  0x00000b40       0x60 ./SDK/platform/drivers/src/pdb/pdb_hw_access.o
 .debug_ranges  0x00000ba0       0xd0 ./SDK/platform/drivers/src/pins/pins_driver.o
 .debug_ranges  0x00000c70       0x30 ./SDK/platform/drivers/src/pins/pins_port_hw_access.o
 .debug_ranges  0x00000ca0       0x40 ./SDK/platform/drivers/src/trgmux/trgmux_driver.o
 .debug_ranges  0x00000ce0       0x48 ./SDK/platform/drivers/src/trgmux/trgmux_hw_access.o
 .debug_ranges  0x00000d28       0x18 ./SDK/platform/pal/src/adc/adc_irq.o
 .debug_ranges  0x00000d40       0xd0 ./SDK/platform/pal/src/adc/adc_pal.o
 .debug_ranges  0x00000e10       0x78 ./SDK/platform/pal/src/pwm/pwm_pal.o
 .debug_ranges  0x00000e88       0x90 ./SDK/rtos/osif/osif_baremetal.o
 .debug_ranges  0x00000f18       0x10 ./src/main.o

.comment        0x00000000       0x7e
 .comment       0x00000000       0x7e ./SDK/platform/devices/S32K144/startup/system_S32K144.o
                                 0x7f (size before relaxing)
 .comment       0x0000007e       0x7f ./SDK/platform/devices/startup.o
 .comment       0x0000007e       0x7f ./SDK/platform/drivers/src/adc/adc_driver.o
 .comment       0x0000007e       0x7f ./SDK/platform/drivers/src/clock/S32K1xx/clock_S32K1xx.o
 .comment       0x0000007e       0x7f ./SDK/platform/drivers/src/ftm/ftm_common.o
 .comment       0x0000007e       0x7f ./SDK/platform/drivers/src/ftm/ftm_hw_access.o
 .comment       0x0000007e       0x7f ./SDK/platform/drivers/src/ftm/ftm_pwm_driver.o
 .comment       0x0000007e       0x7f ./SDK/platform/drivers/src/interrupt/interrupt_manager.o
 .comment       0x0000007e       0x7f ./SDK/platform/drivers/src/pdb/pdb_driver.o
 .comment       0x0000007e       0x7f ./SDK/platform/drivers/src/pdb/pdb_hw_access.o
 .comment       0x0000007e       0x7f ./SDK/platform/drivers/src/pins/pins_driver.o
 .comment       0x0000007e       0x7f ./SDK/platform/drivers/src/pins/pins_port_hw_access.o
 .comment       0x0000007e       0x7f ./SDK/platform/drivers/src/trgmux/trgmux_driver.o
 .comment       0x0000007e       0x7f ./SDK/platform/drivers/src/trgmux/trgmux_hw_access.o
 .comment       0x0000007e       0x7f ./SDK/platform/pal/src/adc/adc_irq.o
 .comment       0x0000007e       0x7f ./SDK/platform/pal/src/adc/adc_pal.o
 .comment       0x0000007e       0x7f ./SDK/platform/pal/src/pwm/pwm_pal.o
 .comment       0x0000007e       0x7f ./SDK/rtos/osif/osif_baremetal.o
 .comment       0x0000007e       0x7f ./board/clock_config.o
 .comment       0x0000007e       0x7f ./board/peripherals_adc_pal_1.o
 .comment       0x0000007e       0x7f ./board/peripherals_pwm_pal_1.o
 .comment       0x0000007e       0x7f ./board/pin_mux.o
 .comment       0x0000007e       0x7f ./src/main.o

.debug_frame    0x00000000     0x141c
 .debug_frame   0x00000000       0x40 ./SDK/platform/devices/S32K144/startup/system_S32K144.o
 .debug_frame   0x00000040       0x2c ./SDK/platform/devices/startup.o
 .debug_frame   0x0000006c      0x22c ./SDK/platform/drivers/src/adc/adc_driver.o
 .debug_frame   0x00000298      0x398 ./SDK/platform/drivers/src/clock/S32K1xx/clock_S32K1xx.o
 .debug_frame   0x00000630      0x1f8 ./SDK/platform/drivers/src/ftm/ftm_common.o
 .debug_frame   0x00000828       0x5c ./SDK/platform/drivers/src/ftm/ftm_hw_access.o
 .debug_frame   0x00000884       0xe0 ./SDK/platform/drivers/src/ftm/ftm_pwm_driver.o
 .debug_frame   0x00000964       0xd8 ./SDK/platform/drivers/src/interrupt/interrupt_manager.o
 .debug_frame   0x00000a3c      0x1b0 ./SDK/platform/drivers/src/pdb/pdb_driver.o
 .debug_frame   0x00000bec       0xe0 ./SDK/platform/drivers/src/pdb/pdb_hw_access.o
 .debug_frame   0x00000ccc      0x1e4 ./SDK/platform/drivers/src/pins/pins_driver.o
 .debug_frame   0x00000eb0       0x98 ./SDK/platform/drivers/src/pins/pins_port_hw_access.o
 .debug_frame   0x00000f48       0xbc ./SDK/platform/drivers/src/trgmux/trgmux_driver.o
 .debug_frame   0x00001004       0x80 ./SDK/platform/drivers/src/trgmux/trgmux_hw_access.o
 .debug_frame   0x00001084       0x40 ./SDK/platform/pal/src/adc/adc_irq.o
 .debug_frame   0x000010c4      0x180 ./SDK/platform/pal/src/adc/adc_pal.o
 .debug_frame   0x00001244       0xb4 ./SDK/platform/pal/src/pwm/pwm_pal.o
 .debug_frame   0x000012f8       0xf8 ./SDK/rtos/osif/osif_baremetal.o
 .debug_frame   0x000013f0       0x2c ./src/main.o
